###############################################################################
#
# IAR ELF Linker V7.40.7.9843/W32 for ARM                 23/Jul/2016  20:18:04
# Copyright 2007-2015 IAR Systems AB.
#
#    Output file  =  E:\prj\ARM\STM32F469\MyAppGit\Debug\Exe\MyAPP.out
#    Map file     =  E:\prj\ARM\STM32F469\MyAppGit\Debug\List\MyAPP.map
#    Command line =  
#        E:\prj\ARM\STM32F469\MyAppGit\Debug\Obj\app_hooks.o
#        E:\prj\ARM\STM32F469\MyAppGit\Debug\Obj\bsp.o
#        E:\prj\ARM\STM32F469\MyAppGit\Debug\Obj\bsp_lcd.o
#        E:\prj\ARM\STM32F469\MyAppGit\Debug\Obj\bsp_sdram.o
#        E:\prj\ARM\STM32F469\MyAppGit\Drivers\DSP_Lib\libarm_cortexM4lf_math.a
#        E:\prj\ARM\STM32F469\MyAppGit\Debug\Obj\main.o
#        E:\prj\ARM\STM32F469\MyAppGit\Debug\Obj\os_core.o
#        E:\prj\ARM\STM32F469\MyAppGit\Debug\Obj\os_cpu_a.o
#        E:\prj\ARM\STM32F469\MyAppGit\Debug\Obj\os_cpu_c.o
#        E:\prj\ARM\STM32F469\MyAppGit\Debug\Obj\os_dbg.o
#        E:\prj\ARM\STM32F469\MyAppGit\Debug\Obj\os_flag.o
#        E:\prj\ARM\STM32F469\MyAppGit\Debug\Obj\os_mbox.o
#        E:\prj\ARM\STM32F469\MyAppGit\Debug\Obj\os_mem.o
#        E:\prj\ARM\STM32F469\MyAppGit\Debug\Obj\os_mutex.o
#        E:\prj\ARM\STM32F469\MyAppGit\Debug\Obj\os_q.o
#        E:\prj\ARM\STM32F469\MyAppGit\Debug\Obj\os_sem.o
#        E:\prj\ARM\STM32F469\MyAppGit\Debug\Obj\os_task.o
#        E:\prj\ARM\STM32F469\MyAppGit\Debug\Obj\os_time.o
#        E:\prj\ARM\STM32F469\MyAppGit\Debug\Obj\os_tmr.o
#        E:\prj\ARM\STM32F469\MyAppGit\Debug\Obj\otm8009a.o
#        E:\prj\ARM\STM32F469\MyAppGit\Debug\Obj\startup_stm32f469xx.o
#        E:\prj\ARM\STM32F469\MyAppGit\Debug\Obj\stm32f4xx_hal.o
#        E:\prj\ARM\STM32F469\MyAppGit\Debug\Obj\stm32f4xx_hal_adc.o
#        E:\prj\ARM\STM32F469\MyAppGit\Debug\Obj\stm32f4xx_hal_adc_ex.o
#        E:\prj\ARM\STM32F469\MyAppGit\Debug\Obj\stm32f4xx_hal_can.o
#        E:\prj\ARM\STM32F469\MyAppGit\Debug\Obj\stm32f4xx_hal_cortex.o
#        E:\prj\ARM\STM32F469\MyAppGit\Debug\Obj\stm32f4xx_hal_crc.o
#        E:\prj\ARM\STM32F469\MyAppGit\Debug\Obj\stm32f4xx_hal_dac.o
#        E:\prj\ARM\STM32F469\MyAppGit\Debug\Obj\stm32f4xx_hal_dac_ex.o
#        E:\prj\ARM\STM32F469\MyAppGit\Debug\Obj\stm32f4xx_hal_dcmi.o
#        E:\prj\ARM\STM32F469\MyAppGit\Debug\Obj\stm32f4xx_hal_dcmi_ex.o
#        E:\prj\ARM\STM32F469\MyAppGit\Debug\Obj\stm32f4xx_hal_dma.o
#        E:\prj\ARM\STM32F469\MyAppGit\Debug\Obj\stm32f4xx_hal_dma2d.o
#        E:\prj\ARM\STM32F469\MyAppGit\Debug\Obj\stm32f4xx_hal_dma_ex.o
#        E:\prj\ARM\STM32F469\MyAppGit\Debug\Obj\stm32f4xx_hal_dsi.o
#        E:\prj\ARM\STM32F469\MyAppGit\Debug\Obj\stm32f4xx_hal_eth.o
#        E:\prj\ARM\STM32F469\MyAppGit\Debug\Obj\stm32f4xx_hal_flash.o
#        E:\prj\ARM\STM32F469\MyAppGit\Debug\Obj\stm32f4xx_hal_flash_ex.o
#        E:\prj\ARM\STM32F469\MyAppGit\Debug\Obj\stm32f4xx_hal_flash_ramfunc.o
#        E:\prj\ARM\STM32F469\MyAppGit\Debug\Obj\stm32f4xx_hal_gpio.o
#        E:\prj\ARM\STM32F469\MyAppGit\Debug\Obj\stm32f4xx_hal_hcd.o
#        E:\prj\ARM\STM32F469\MyAppGit\Debug\Obj\stm32f4xx_hal_i2c.o
#        E:\prj\ARM\STM32F469\MyAppGit\Debug\Obj\stm32f4xx_hal_i2c_ex.o
#        E:\prj\ARM\STM32F469\MyAppGit\Debug\Obj\stm32f4xx_hal_i2s.o
#        E:\prj\ARM\STM32F469\MyAppGit\Debug\Obj\stm32f4xx_hal_i2s_ex.o
#        E:\prj\ARM\STM32F469\MyAppGit\Debug\Obj\stm32f4xx_hal_irda.o
#        E:\prj\ARM\STM32F469\MyAppGit\Debug\Obj\stm32f4xx_hal_iwdg.o
#        E:\prj\ARM\STM32F469\MyAppGit\Debug\Obj\stm32f4xx_hal_ltdc.o
#        E:\prj\ARM\STM32F469\MyAppGit\Debug\Obj\stm32f4xx_hal_ltdc_ex.o
#        E:\prj\ARM\STM32F469\MyAppGit\Debug\Obj\stm32f4xx_hal_msp.o
#        E:\prj\ARM\STM32F469\MyAppGit\Debug\Obj\stm32f4xx_hal_nand.o
#        E:\prj\ARM\STM32F469\MyAppGit\Debug\Obj\stm32f4xx_hal_nor.o
#        E:\prj\ARM\STM32F469\MyAppGit\Debug\Obj\stm32f4xx_hal_pcd.o
#        E:\prj\ARM\STM32F469\MyAppGit\Debug\Obj\stm32f4xx_hal_pcd_ex.o
#        E:\prj\ARM\STM32F469\MyAppGit\Debug\Obj\stm32f4xx_hal_pwr.o
#        E:\prj\ARM\STM32F469\MyAppGit\Debug\Obj\stm32f4xx_hal_pwr_ex.o
#        E:\prj\ARM\STM32F469\MyAppGit\Debug\Obj\stm32f4xx_hal_qspi.o
#        E:\prj\ARM\STM32F469\MyAppGit\Debug\Obj\stm32f4xx_hal_rcc.o
#        E:\prj\ARM\STM32F469\MyAppGit\Debug\Obj\stm32f4xx_hal_rcc_ex.o
#        E:\prj\ARM\STM32F469\MyAppGit\Debug\Obj\stm32f4xx_hal_rng.o
#        E:\prj\ARM\STM32F469\MyAppGit\Debug\Obj\stm32f4xx_hal_rtc.o
#        E:\prj\ARM\STM32F469\MyAppGit\Debug\Obj\stm32f4xx_hal_rtc_ex.o
#        E:\prj\ARM\STM32F469\MyAppGit\Debug\Obj\stm32f4xx_hal_sai.o
#        E:\prj\ARM\STM32F469\MyAppGit\Debug\Obj\stm32f4xx_hal_sai_ex.o
#        E:\prj\ARM\STM32F469\MyAppGit\Debug\Obj\stm32f4xx_hal_sd.o
#        E:\prj\ARM\STM32F469\MyAppGit\Debug\Obj\stm32f4xx_hal_sdram.o
#        E:\prj\ARM\STM32F469\MyAppGit\Debug\Obj\stm32f4xx_hal_smartcard.o
#        E:\prj\ARM\STM32F469\MyAppGit\Debug\Obj\stm32f4xx_hal_spi.o
#        E:\prj\ARM\STM32F469\MyAppGit\Debug\Obj\stm32f4xx_hal_sram.o
#        E:\prj\ARM\STM32F469\MyAppGit\Debug\Obj\stm32f4xx_hal_tim.o
#        E:\prj\ARM\STM32F469\MyAppGit\Debug\Obj\stm32f4xx_hal_tim_ex.o
#        E:\prj\ARM\STM32F469\MyAppGit\Debug\Obj\stm32f4xx_hal_uart.o
#        E:\prj\ARM\STM32F469\MyAppGit\Debug\Obj\stm32f4xx_hal_usart.o
#        E:\prj\ARM\STM32F469\MyAppGit\Debug\Obj\stm32f4xx_hal_wwdg.o
#        E:\prj\ARM\STM32F469\MyAppGit\Debug\Obj\stm32f4xx_it.o
#        E:\prj\ARM\STM32F469\MyAppGit\Debug\Obj\stm32f4xx_ll_fmc.o
#        E:\prj\ARM\STM32F469\MyAppGit\Debug\Obj\stm32f4xx_ll_sdmmc.o
#        E:\prj\ARM\STM32F469\MyAppGit\Debug\Obj\stm32f4xx_ll_usb.o
#        E:\prj\ARM\STM32F469\MyAppGit\Debug\Obj\system_stm32f4xx.o --redirect
#        _Printf=_PrintfSmall --redirect _Scanf=_ScanfSmall -o
#        E:\prj\ARM\STM32F469\MyAppGit\Debug\Exe\MyAPP.out --map
#        E:\prj\ARM\STM32F469\MyAppGit\Debug\List\MyAPP.map --config
#        E:\prj\ARM\STM32F469\MyApp\MyAPP.icf --semihosting --entry
#        __iar_program_start --vfe
#
###############################################################################

*******************************************************************************
*** RUNTIME MODEL ATTRIBUTES
***

CppFlavor       = *
__SystemLibrary = DLib


*******************************************************************************
*** PLACEMENT SUMMARY
***

"A1":  place at 0x08000000 { ro section .intvec };
"P1":  place in [from 0x00000000 to 0x00000000] |
                [from 0x08000000 to 0x081fffff] { ro };
"P3":  place in [from 0x00000000 to 0x00000000] |
                [from 0x20000000 to 0x2004ffff] { rw, block CSTACK, block HEAP };

  Section            Kind        Address    Size  Object
  -------            ----        -------    ----  ------
"A1":                                      0x1b4
  .intvec            ro code  0x08000000   0x1b4  startup_stm32f469xx.o [1]
                            - 0x080001b4   0x1b4

"P1":                                     0x39f0
  .text              ro code  0x080001b4   0xacc  os_core.o [1]
  CODE               ro code  0x08000c80    0xd8  os_cpu_a.o [1]
  .text              ro code  0x08000d58   0x2a8  os_cpu_c.o [1]
  .text              ro code  0x08001000    0x96  os_flag.o [1]
  .rodata            const    0x08001096     0x2  bsp.o [1]
  .text              ro code  0x08001098    0x60  os_mem.o [1]
  .text              ro code  0x080010f8    0x58  os_q.o [1]
  .text              ro code  0x08001150   0x29c  os_tmr.o [1]
  .text              ro code  0x080013ec   0x1cc  os_dbg.o [1]
  .text              ro code  0x080015b8    0x84  os_time.o [1]
  .text              ro code  0x0800163c   0x59c  os_task.o [1]
  .text              ro code  0x08001bd8    0x42  app_hooks.o [1]
  .rodata            const    0x08001c1a     0x2  bsp.o [1]
  .text              ro code  0x08001c1c   0x1b6  os_sem.o [1]
  .rodata            const    0x08001dd2     0x2  os_dbg.o [1]
  .text              ro code  0x08001dd4   0x1b8  bsp.o [1]
  .text              ro code  0x08001f8c   0x270  stm32f4xx_hal_gpio.o [1]
  .text              ro code  0x080021fc   0x13c  stm32f4xx_hal_cortex.o [1]
  .text              ro code  0x08002338   0x44a  stm32f4xx_hal_dma.o [1]
  .rodata            const    0x08002782     0x2  os_dbg.o [1]
  .text              ro code  0x08002784    0x70  stm32f4xx_hal.o [1]
  .text              ro code  0x080027f4   0x1da  main.o [1]
  .text              ro code  0x080029ce     0x2  stm32f4xx_hal_msp.o [1]
  .text              ro code  0x080029d0   0x3e0  bsp_sdram.o [1]
  .text              ro code  0x08002db0   0x340  stm32f4xx_hal_rcc_ex.o [1]
  .text              ro code  0x080030f0    0x90  stm32f4xx_hal_pwr_ex.o [1]
  .text              ro code  0x08003180   0x27c  stm32f4xx_hal_rcc.o [1]
  .text              ro code  0x080033fc    0xac  stm32f4xx_hal_sdram.o [1]
  .text              ro code  0x080034a8   0x17e  stm32f4xx_ll_fmc.o [1]
  .rodata            const    0x08003626     0x2  os_dbg.o [1]
  .rodata            const    0x08003628   0x100  os_core.o [1]
  .text              ro code  0x08003728    0x6c  system_stm32f4xx.o [1]
  .text              ro code  0x08003794    0x40  zero_init3.o [5]
  .text              ro code  0x080037d4    0x2e  stm32f4xx_it.o [1]
  .text              ro code  0x08003802    0x2c  copy_init3.o [5]
  .rodata            const    0x0800382e     0x2  os_dbg.o [1]
  .text              ro code  0x08003830    0x28  data_init.o [5]
  .text              ro code  0x08003858    0x22  fpinit_M.o [4]
  .iar.init_table    const    0x0800387c    0x24  - Linker created -
  .rodata            const    0x080038a0     0x2  os_dbg.o [1]
  .text              ro code  0x080038a4    0x1a  cmain.o [5]
  .text              ro code  0x080038be     0x4  low_level_init.o [3]
  .text              ro code  0x080038c2     0x4  exit.o [3]
  .rodata            const    0x080038c6     0x2  os_dbg.o [1]
  .text              ro code  0x080038c8     0xa  cexit.o [5]
  .rodata            const    0x080038d2     0x2  os_dbg.o [1]
  .text              ro code  0x080038d4    0x14  exit.o [6]
  .rodata            const    0x080038e8    0x14  main.o [1]
  .rodata            const    0x080038fc    0x14  os_tmr.o [1]
  .rodata            const    0x08003910    0x14  os_tmr.o [1]
  .rodata            const    0x08003924    0x10  main.o [1]
  .rodata            const    0x08003934    0x10  main.o [1]
  .rodata            const    0x08003944    0x10  os_core.o [1]
  .rodata            const    0x08003954    0x10  os_core.o [1]
  .rodata            const    0x08003964    0x10  os_tmr.o [1]
  .rodata            const    0x08003974    0x10  stm32f4xx_hal_rcc.o [1]
  .text              ro code  0x08003984    0x10  startup_stm32f469xx.o [1]
  .text              ro code  0x08003994     0xc  cstartup_M.o [5]
  .rodata            const    0x080039a0     0x8  stm32f4xx_hal_dma.o [1]
  .rodata            const    0x080039a8     0x4  os_dbg.o [1]
  .text              ro code  0x080039ac     0x4  startup_stm32f469xx.o [1]
  .text              ro code  0x080039b0     0x4  startup_stm32f469xx.o [1]
  .text              ro code  0x080039b4     0x4  startup_stm32f469xx.o [1]
  .text              ro code  0x080039b8     0x4  startup_stm32f469xx.o [1]
  .text              ro code  0x080039bc     0x4  startup_stm32f469xx.o [1]
  .text              ro code  0x080039c0     0x4  startup_stm32f469xx.o [1]
  .text              ro code  0x080039c4     0x4  startup_stm32f469xx.o [1]
  .text              ro code  0x080039c8     0x4  startup_stm32f469xx.o [1]
  .text              ro code  0x080039cc     0x4  startup_stm32f469xx.o [1]
  .text              ro code  0x080039d0     0x4  startup_stm32f469xx.o [1]
  .text              ro code  0x080039d4     0x4  startup_stm32f469xx.o [1]
  .text              ro code  0x080039d8     0x4  startup_stm32f469xx.o [1]
  .text              ro code  0x080039dc     0x4  startup_stm32f469xx.o [1]
  .text              ro code  0x080039e0     0x4  startup_stm32f469xx.o [1]
  .text              ro code  0x080039e4     0x4  startup_stm32f469xx.o [1]
  .text              ro code  0x080039e8     0x4  startup_stm32f469xx.o [1]
  .text              ro code  0x080039ec     0x4  startup_stm32f469xx.o [1]
  .text              ro code  0x080039f0     0x4  startup_stm32f469xx.o [1]
  .text              ro code  0x080039f4     0x4  startup_stm32f469xx.o [1]
  .text              ro code  0x080039f8     0x4  startup_stm32f469xx.o [1]
  .text              ro code  0x080039fc     0x4  startup_stm32f469xx.o [1]
  .text              ro code  0x08003a00     0x4  startup_stm32f469xx.o [1]
  .text              ro code  0x08003a04     0x4  startup_stm32f469xx.o [1]
  .text              ro code  0x08003a08     0x4  startup_stm32f469xx.o [1]
  .text              ro code  0x08003a0c     0x4  startup_stm32f469xx.o [1]
  .text              ro code  0x08003a10     0x4  startup_stm32f469xx.o [1]
  .text              ro code  0x08003a14     0x4  startup_stm32f469xx.o [1]
  .text              ro code  0x08003a18     0x4  startup_stm32f469xx.o [1]
  .text              ro code  0x08003a1c     0x4  startup_stm32f469xx.o [1]
  .text              ro code  0x08003a20     0x4  startup_stm32f469xx.o [1]
  .text              ro code  0x08003a24     0x4  startup_stm32f469xx.o [1]
  .text              ro code  0x08003a28     0x4  startup_stm32f469xx.o [1]
  .text              ro code  0x08003a2c     0x4  startup_stm32f469xx.o [1]
  .text              ro code  0x08003a30     0x4  startup_stm32f469xx.o [1]
  .text              ro code  0x08003a34     0x4  startup_stm32f469xx.o [1]
  .text              ro code  0x08003a38     0x4  startup_stm32f469xx.o [1]
  .text              ro code  0x08003a3c     0x4  startup_stm32f469xx.o [1]
  .text              ro code  0x08003a40     0x4  startup_stm32f469xx.o [1]
  .text              ro code  0x08003a44     0x4  startup_stm32f469xx.o [1]
  .text              ro code  0x08003a48     0x4  startup_stm32f469xx.o [1]
  .text              ro code  0x08003a4c     0x4  startup_stm32f469xx.o [1]
  .text              ro code  0x08003a50     0x4  startup_stm32f469xx.o [1]
  .text              ro code  0x08003a54     0x4  startup_stm32f469xx.o [1]
  .text              ro code  0x08003a58     0x4  startup_stm32f469xx.o [1]
  .text              ro code  0x08003a5c     0x4  startup_stm32f469xx.o [1]
  .text              ro code  0x08003a60     0x4  startup_stm32f469xx.o [1]
  .text              ro code  0x08003a64     0x4  startup_stm32f469xx.o [1]
  .text              ro code  0x08003a68     0x4  startup_stm32f469xx.o [1]
  .text              ro code  0x08003a6c     0x4  startup_stm32f469xx.o [1]
  .text              ro code  0x08003a70     0x4  startup_stm32f469xx.o [1]
  .text              ro code  0x08003a74     0x4  startup_stm32f469xx.o [1]
  .text              ro code  0x08003a78     0x4  startup_stm32f469xx.o [1]
  .text              ro code  0x08003a7c     0x4  startup_stm32f469xx.o [1]
  .text              ro code  0x08003a80     0x4  startup_stm32f469xx.o [1]
  .text              ro code  0x08003a84     0x4  startup_stm32f469xx.o [1]
  .text              ro code  0x08003a88     0x4  startup_stm32f469xx.o [1]
  .text              ro code  0x08003a8c     0x4  startup_stm32f469xx.o [1]
  .text              ro code  0x08003a90     0x4  startup_stm32f469xx.o [1]
  .text              ro code  0x08003a94     0x4  startup_stm32f469xx.o [1]
  .text              ro code  0x08003a98     0x4  startup_stm32f469xx.o [1]
  .text              ro code  0x08003a9c     0x4  startup_stm32f469xx.o [1]
  .text              ro code  0x08003aa0     0x4  startup_stm32f469xx.o [1]
  .text              ro code  0x08003aa4     0x4  startup_stm32f469xx.o [1]
  .text              ro code  0x08003aa8     0x4  startup_stm32f469xx.o [1]
  .text              ro code  0x08003aac     0x4  startup_stm32f469xx.o [1]
  .text              ro code  0x08003ab0     0x4  startup_stm32f469xx.o [1]
  .text              ro code  0x08003ab4     0x4  startup_stm32f469xx.o [1]
  .text              ro code  0x08003ab8     0x4  startup_stm32f469xx.o [1]
  .text              ro code  0x08003abc     0x4  startup_stm32f469xx.o [1]
  .text              ro code  0x08003ac0     0x4  startup_stm32f469xx.o [1]
  .text              ro code  0x08003ac4     0x4  startup_stm32f469xx.o [1]
  .text              ro code  0x08003ac8     0x4  startup_stm32f469xx.o [1]
  .text              ro code  0x08003acc     0x4  startup_stm32f469xx.o [1]
  .text              ro code  0x08003ad0     0x4  startup_stm32f469xx.o [1]
  .text              ro code  0x08003ad4     0x4  startup_stm32f469xx.o [1]
  .text              ro code  0x08003ad8     0x4  startup_stm32f469xx.o [1]
  .text              ro code  0x08003adc     0x4  startup_stm32f469xx.o [1]
  .text              ro code  0x08003ae0     0x4  startup_stm32f469xx.o [1]
  .text              ro code  0x08003ae4     0x4  startup_stm32f469xx.o [1]
  .text              ro code  0x08003ae8     0x4  startup_stm32f469xx.o [1]
  .text              ro code  0x08003aec     0x4  startup_stm32f469xx.o [1]
  .text              ro code  0x08003af0     0x4  startup_stm32f469xx.o [1]
  .text              ro code  0x08003af4     0x4  startup_stm32f469xx.o [1]
  .text              ro code  0x08003af8     0x4  startup_stm32f469xx.o [1]
  .text              ro code  0x08003afc     0x4  startup_stm32f469xx.o [1]
  .text              ro code  0x08003b00     0x4  startup_stm32f469xx.o [1]
  .text              ro code  0x08003b04     0x4  startup_stm32f469xx.o [1]
  .text              ro code  0x08003b08     0x4  startup_stm32f469xx.o [1]
  .text              ro code  0x08003b0c     0x4  startup_stm32f469xx.o [1]
  .text              ro code  0x08003b10     0x4  startup_stm32f469xx.o [1]
  .text              ro code  0x08003b14     0x4  startup_stm32f469xx.o [1]
  .rodata            const    0x08003b18     0x2  os_dbg.o [1]
  .rodata            const    0x08003b1a     0x2  os_dbg.o [1]
  .rodata            const    0x08003b1c     0x2  os_dbg.o [1]
  .rodata            const    0x08003b1e     0x2  os_dbg.o [1]
  .rodata            const    0x08003b20     0x2  os_dbg.o [1]
  .rodata            const    0x08003b22     0x2  os_dbg.o [1]
  .rodata            const    0x08003b24     0x2  os_dbg.o [1]
  .rodata            const    0x08003b26     0x2  os_dbg.o [1]
  .rodata            const    0x08003b28     0x2  os_dbg.o [1]
  .rodata            const    0x08003b2a     0x2  os_dbg.o [1]
  .rodata            const    0x08003b2c     0x2  os_dbg.o [1]
  .rodata            const    0x08003b2e     0x2  os_dbg.o [1]
  .rodata            const    0x08003b30     0x2  os_dbg.o [1]
  .rodata            const    0x08003b32     0x2  os_dbg.o [1]
  .rodata            const    0x08003b34     0x2  os_dbg.o [1]
  .rodata            const    0x08003b36     0x2  os_dbg.o [1]
  .rodata            const    0x08003b38     0x2  os_dbg.o [1]
  .rodata            const    0x08003b3a     0x2  os_dbg.o [1]
  .rodata            const    0x08003b3c     0x2  os_dbg.o [1]
  .rodata            const    0x08003b3e     0x2  os_dbg.o [1]
  .rodata            const    0x08003b40     0x2  os_dbg.o [1]
  .rodata            const    0x08003b42     0x2  os_dbg.o [1]
  .rodata            const    0x08003b44     0x2  os_dbg.o [1]
  .rodata            const    0x08003b46     0x2  os_dbg.o [1]
  .rodata            const    0x08003b48     0x2  os_dbg.o [1]
  .rodata            const    0x08003b4a     0x2  os_dbg.o [1]
  .rodata            const    0x08003b4c     0x2  os_dbg.o [1]
  .rodata            const    0x08003b4e     0x2  os_dbg.o [1]
  .rodata            const    0x08003b50     0x2  os_dbg.o [1]
  .rodata            const    0x08003b52     0x2  os_dbg.o [1]
  .rodata            const    0x08003b54     0x2  os_dbg.o [1]
  .rodata            const    0x08003b56     0x2  os_dbg.o [1]
  .rodata            const    0x08003b58     0x2  os_dbg.o [1]
  .rodata            const    0x08003b5a     0x2  os_dbg.o [1]
  .rodata            const    0x08003b5c     0x2  os_dbg.o [1]
  .rodata            const    0x08003b5e     0x2  os_dbg.o [1]
  .rodata            const    0x08003b60     0x2  os_dbg.o [1]
  .rodata            const    0x08003b62     0x2  os_dbg.o [1]
  .rodata            const    0x08003b64     0x2  os_dbg.o [1]
  .rodata            const    0x08003b66     0x2  os_dbg.o [1]
  .rodata            const    0x08003b68     0x2  os_dbg.o [1]
  .rodata            const    0x08003b6a     0x2  os_dbg.o [1]
  .rodata            const    0x08003b6c     0x2  os_dbg.o [1]
  .rodata            const    0x08003b6e     0x2  os_dbg.o [1]
  .rodata            const    0x08003b70     0x2  os_dbg.o [1]
  .rodata            const    0x08003b72     0x2  os_dbg.o [1]
  .rodata            const    0x08003b74     0x2  os_dbg.o [1]
  .rodata            const    0x08003b76     0x2  os_dbg.o [1]
  .rodata            const    0x08003b78     0x0  zero_init3.o [5]
  .rodata            const    0x08003b78     0x0  copy_init3.o [5]
  Initializer bytes  const    0x08003b78    0x2c  <for P3 s0>
                            - 0x08003ba4  0x39f0

"P3":                                     0x66b0
  P3 s0                       0x20000000    0x2c  <Init block>
    .data            inited   0x20000000    0x10  bsp.o [1]
    .data            inited   0x20000010    0x10  bsp.o [1]
    .data            inited   0x20000020     0x4  bsp.o [1]
    .data            inited   0x20000024     0x4  system_stm32f4xx.o [1]
    .data            inited   0x20000028     0x1  bsp_sdram.o [1]
  .bss               zero     0x2000002c   0x790  os_core.o [1]
  .bss               zero     0x200007bc   0x400  os_core.o [1]
  .bss               zero     0x20000bbc   0x400  os_core.o [1]
  .bss               zero     0x20000fbc   0x400  os_core.o [1]
  .bss               zero     0x200013bc   0x3fc  main.o [1]
  .bss               zero     0x200017b8   0x3fc  main.o [1]
  .bss               zero     0x20001bb4   0x280  os_core.o [1]
  .bss               zero     0x20001e34   0x200  os_cpu_c.o [1]
  .bss               zero     0x20002034   0x1fc  main.o [1]
  .bss               zero     0x20002230   0x100  os_core.o [1]
  .bss               zero     0x20002330    0xf0  os_core.o [1]
  .bss               zero     0x20002420    0x78  os_core.o [1]
  .bss               zero     0x20002498    0x60  bsp_sdram.o [1]
  .bss               zero     0x200024f8    0x60  os_core.o [1]
  .bss               zero     0x20002558    0x50  os_core.o [1]
  .bss               zero     0x200025a8    0x38  os_core.o [1]
  .bss               zero     0x200025e0    0x34  bsp_sdram.o [1]
  .bss               zero     0x20002614    0x1c  bsp_sdram.o [1]
  .bss               zero     0x20002630    0x10  bsp_sdram.o [1]
  .bss               zero     0x20002640     0x8  os_core.o [1]
  .bss               zero     0x20002648     0x4  bsp_sdram.o [1]
  .bss               zero     0x2000264c     0x4  os_core.o [1]
  .bss               zero     0x20002650     0x4  os_core.o [1]
  .bss               zero     0x20002654     0x4  os_core.o [1]
  .bss               zero     0x20002658     0x4  os_core.o [1]
  .bss               zero     0x2000265c     0x4  os_core.o [1]
  .bss               zero     0x20002660     0x4  os_core.o [1]
  .bss               zero     0x20002664     0x4  os_core.o [1]
  .bss               zero     0x20002668     0x4  os_core.o [1]
  .bss               zero     0x2000266c     0x4  os_core.o [1]
  .bss               zero     0x20002670     0x4  os_core.o [1]
  .bss               zero     0x20002674     0x4  os_core.o [1]
  .bss               zero     0x20002678     0x4  os_core.o [1]
  .bss               zero     0x2000267c     0x4  os_core.o [1]
  .bss               zero     0x20002680     0x4  os_core.o [1]
  .bss               zero     0x20002684     0x4  os_core.o [1]
  .bss               zero     0x20002688     0x4  os_core.o [1]
  .bss               zero     0x2000268c     0x4  os_core.o [1]
  .bss               zero     0x20002690     0x4  os_cpu_c.o [1]
  .bss               zero     0x20002694     0x4  stm32f4xx_hal.o [1]
  .bss               zero     0x20002698     0x2  app_hooks.o [1]
  .bss               zero     0x2000269a     0x2  os_core.o [1]
  .bss               zero     0x2000269c     0x2  os_core.o [1]
  .bss               zero     0x2000269e     0x2  os_cpu_c.o [1]
  .bss               zero     0x200026a0     0x1  os_core.o [1]
  .bss               zero     0x200026a1     0x1  os_core.o [1]
  .bss               zero     0x200026a2     0x1  os_core.o [1]
  .bss               zero     0x200026a3     0x1  os_core.o [1]
  .bss               zero     0x200026a4     0x1  os_core.o [1]
  .bss               zero     0x200026a5     0x1  os_core.o [1]
  .bss               zero     0x200026a6     0x1  os_core.o [1]
  .bss               zero     0x200026a7     0x1  os_core.o [1]
  .bss               zero     0x200026a8     0x1  os_core.o [1]
  .bss               zero     0x200026a9     0x1  os_core.o [1]
  .bss               zero     0x200026aa     0x1  os_core.o [1]
  CSTACK                      0x200026b0  0x4000  <Block>
    CSTACK           uninit   0x200026b0  0x4000  <Block tail>
                            - 0x200066b0  0x66b0


*******************************************************************************
*** INIT TABLE
***

          Address     Size
          -------     ----
Zero (__iar_zero_init3)
    1 destination range, total size 0x267f:
          0x2000002c  0x267f

Copy (__iar_copy_init3)
    1 source range, total size 0x2c (107% of destination):
          0x08003b78    0x2c
    1 destination range, total size 0x29:
          0x20000000    0x29



*******************************************************************************
*** MODULE SUMMARY
***

    Module                  ro code  ro data  rw data
    ------                  -------  -------  -------
E:\prj\ARM\STM32F469\MyAppGit\Debug\Obj: [1]
    app_hooks.o                  66                 2
    bsp.o                       440       40       36
    bsp_sdram.o                 992        1      197
    main.o                      474       52    2 548
    os_core.o                 2 764      288    6 587
    os_cpu_a.o                  216
    os_cpu_c.o                  680               518
    os_dbg.o                    460      114
    os_flag.o                   150
    os_mem.o                     96
    os_q.o                       88
    os_sem.o                    438
    os_task.o                 1 436
    os_time.o                   132
    os_tmr.o                    668       56
    startup_stm32f469xx.o       816
    stm32f4xx_hal.o             112                 4
    stm32f4xx_hal_cortex.o      316
    stm32f4xx_hal_dma.o       1 098        8
    stm32f4xx_hal_gpio.o        624
    stm32f4xx_hal_msp.o           2
    stm32f4xx_hal_pwr_ex.o      144
    stm32f4xx_hal_rcc.o         636       16
    stm32f4xx_hal_rcc_ex.o      832
    stm32f4xx_hal_sdram.o       172
    stm32f4xx_it.o               46
    stm32f4xx_ll_fmc.o          382
    system_stm32f4xx.o          108        4        4
    -------------------------------------------------
    Total:                   14 388      579    9 896

command line: [2]
    -------------------------------------------------
    Total:

dl7M_tlf.a: [3]
    exit.o                        4
    low_level_init.o              4
    -------------------------------------------------
    Total:                        8

m7M_tls.a: [4]
    fpinit_M.o                   34
    -------------------------------------------------
    Total:                       34

rt7M_tl.a: [5]
    cexit.o                      10
    cmain.o                      26
    copy_init3.o                 44
    cstartup_M.o                 12
    data_init.o                  40
    zero_init3.o                 64
    -------------------------------------------------
    Total:                      196

shb_l.a: [6]
    exit.o                       20
    -------------------------------------------------
    Total:                       20

    Gaps                          2        2
    Linker created                        39   16 384
-----------------------------------------------------
    Grand Total:             14 648      620   26 280


*******************************************************************************
*** ENTRY LIST
***

Entry                      Address   Size  Type      Object
-----                      -------   ----  ----      ------
.iar.init_table$$Base   0x0800387c          --   Gb  - Linker created -
.iar.init_table$$Limit  0x080038a0          --   Gb  - Linker created -
?main                   0x080038a5         Code  Gb  cmain.o [5]
APBAHBPrescTable        0x08003974   0x10  Data  Gb  stm32f4xx_hal_rcc.o [1]
AppMainTask             0x08002889   0x3c  Code  Lc  main.o [1]
AppMonitorTask          0x080028c5   0x14  Code  Lc  main.o [1]
AppTaskStart            0x0800281d   0x6a  Code  Lc  main.o [1]
App_MainTaskStk         0x200017b8  0x3fc  Data  Lc  main.o [1]
App_MonitorTaskStk      0x20002034  0x1fc  Data  Lc  main.o [1]
App_TCBInitHook         0x08001c0b    0x2  Code  Gb  app_hooks.o [1]
App_TaskCreateHook      0x08001c07    0x2  Code  Gb  app_hooks.o [1]
App_TaskDelHook         0x08001c09    0x2  Code  Gb  app_hooks.o [1]
App_TaskIdleHook        0x08001c0d    0xa  Code  Gb  app_hooks.o [1]
App_TaskReturnHook      0x08001c17    0x2  Code  Gb  app_hooks.o [1]
App_TaskStartStk        0x200013bc  0x3fc  Data  Lc  main.o [1]
App_TaskStatHook        0x08001c19    0x2  Code  Gb  app_hooks.o [1]
App_TaskSwHook          0x08001c05    0x2  Code  Gb  app_hooks.o [1]
App_TimeTickHook        0x08001bd9   0x26  Code  Gb  app_hooks.o [1]
BSP_Button_GetState     0x08001f57   0x1a  Code  Gb  bsp.o [1]
BSP_Button_Init         0x08001ec1   0x96  Code  Gb  bsp.o [1]
BSP_LED_Init            0x08001dd5   0xd0  Code  Gb  bsp.o [1]
BSP_LED_Toggle          0x08001ea5   0x1c  Code  Gb  bsp.o [1]
BusFault_Handler        0x080037db    0x2  Code  Gb  stm32f4xx_it.o [1]
Button_IRQn             0x08001c1a    0x2  Data  Gb  bsp.o [1]
Button_Pin              0x08001096    0x2  Data  Gb  bsp.o [1]
Button_Port             0x20000020    0x4  Data  Gb  bsp.o [1]
CSTACK$$Base            0x200026b0          --   Gb  - Linker created -
CSTACK$$Limit           0x200066b0          --   Gb  - Linker created -
DMA2_Stream0_IRQHandler
                        0x08002b67    0xc  Code  Gb  bsp_sdram.o [1]
DMA_CalcBaseAndBitshift
                        0x0800268f   0x2e  Code  Lc  stm32f4xx_hal_dma.o [1]
DMA_CheckFifoParam      0x080026d5   0xae  Code  Lc  stm32f4xx_hal_dma.o [1]
DebugMon_Handler        0x080037e1    0x2  Code  Gb  stm32f4xx_it.o [1]
Error_Handler           0x080029cd    0x2  Code  Lc  main.o [1]
FMC_SDRAM_Init          0x080034a9   0x7c  Code  Gb  stm32f4xx_ll_fmc.o [1]
FMC_SDRAM_ProgramRefreshRate
                        0x08003619    0xe  Code  Gb  stm32f4xx_ll_fmc.o [1]
FMC_SDRAM_SendCommand   0x080035c9   0x50  Code  Gb  stm32f4xx_ll_fmc.o [1]
FMC_SDRAM_Timing_Init   0x08003525   0x9e  Code  Gb  stm32f4xx_ll_fmc.o [1]
GPIO_Pin                0x20000000   0x10  Data  Gb  bsp.o [1]
GPIO_Port               0x20000010   0x10  Data  Gb  bsp.o [1]
HAL_DMA_DeInit          0x08002419   0x6c  Code  Gb  stm32f4xx_hal_dma.o [1]
HAL_DMA_IRQHandler      0x08002485  0x20a  Code  Gb  stm32f4xx_hal_dma.o [1]
HAL_DMA_Init            0x08002339   0xe0  Code  Gb  stm32f4xx_hal_dma.o [1]
HAL_Delay               0x080027d1   0x1a  Code  Wk  stm32f4xx_hal.o [1]
HAL_GPIO_Init           0x08001f8d  0x1fa  Code  Gb  stm32f4xx_hal_gpio.o [1]
HAL_GPIO_ReadPin        0x08002187   0x18  Code  Gb  stm32f4xx_hal_gpio.o [1]
HAL_GPIO_TogglePin      0x080021b3    0xa  Code  Gb  stm32f4xx_hal_gpio.o [1]
HAL_GPIO_WritePin       0x0800219f   0x14  Code  Gb  stm32f4xx_hal_gpio.o [1]
HAL_GetTick             0x080027cb    0x6  Code  Wk  stm32f4xx_hal.o [1]
HAL_IncTick             0x080027bf    0xc  Code  Wk  stm32f4xx_hal.o [1]
HAL_Init                0x08002785   0x3a  Code  Gb  stm32f4xx_hal.o [1]
HAL_InitTick            0x08002983   0x24  Code  Gb  main.o [1]
HAL_MspInit             0x080029cf    0x2  Code  Gb  stm32f4xx_hal_msp.o [1]
HAL_NVIC_EnableIRQ      0x080022ff    0xe  Code  Gb  stm32f4xx_hal_cortex.o [1]
HAL_NVIC_SetPriority    0x080022d9   0x26  Code  Gb  stm32f4xx_hal_cortex.o [1]
HAL_NVIC_SetPriorityGrouping
                        0x080022cd    0xc  Code  Gb  stm32f4xx_hal_cortex.o [1]
HAL_PWREx_EnableOverDrive
                        0x080030f1   0x82  Code  Gb  stm32f4xx_hal_pwr_ex.o [1]
HAL_RCC_ClockConfig     0x08003181  0x1b2  Code  Gb  stm32f4xx_hal_rcc.o [1]
HAL_RCC_GetSysClockFreq
                        0x08003333   0xa4  Code  Wk  stm32f4xx_hal_rcc.o [1]
HAL_RCC_OscConfig       0x08002db1  0x310  Code  Gb  stm32f4xx_hal_rcc_ex.o [1]
HAL_SDRAM_Init          0x080033fd   0x44  Code  Gb  stm32f4xx_hal_sdram.o [1]
HAL_SDRAM_MspInit       0x08003441    0x2  Code  Wk  stm32f4xx_hal_sdram.o [1]
HAL_SDRAM_ProgramRefreshRate
                        0x0800347f   0x2a  Code  Gb  stm32f4xx_hal_sdram.o [1]
HAL_SDRAM_SendCommand   0x08003443   0x3c  Code  Gb  stm32f4xx_hal_sdram.o [1]
HAL_SYSTICK_Config      0x0800230d    0xc  Code  Gb  stm32f4xx_hal_cortex.o [1]
HardFault_Handler       0x080037d7    0x2  Code  Gb  stm32f4xx_it.o [1]
MemManage_Handler       0x080037d9    0x2  Code  Gb  stm32f4xx_it.o [1]
NMI_Handler             0x080037d5    0x2  Code  Gb  stm32f4xx_it.o [1]
NVIC_EnableIRQ          0x08002225   0x14  Code  Lc  stm32f4xx_hal_cortex.o [1]
NVIC_EncodePriority     0x0800225f   0x3e  Code  Lc  stm32f4xx_hal_cortex.o [1]
NVIC_GetPriorityGrouping
                        0x0800221b    0xa  Code  Lc  stm32f4xx_hal_cortex.o [1]
NVIC_SetPriority        0x08002239   0x26  Code  Lc  stm32f4xx_hal_cortex.o [1]
NVIC_SetPriorityGrouping
                        0x080021fd   0x1e  Code  Lc  stm32f4xx_hal_cortex.o [1]
OSCPUUsage              0x200026a0    0x1  Data  Gb  os_core.o [1]
OSCtxSw                 0x08000cdf         Code  Gb  os_cpu_a.o [1]
OSCtxSwCtr              0x2000264c    0x4  Data  Gb  os_core.o [1]
OSDataSize              0x08003b76    0x2  Data  Gb  os_dbg.o [1]
OSDebugEn               0x08001dd2    0x2  Data  Gb  os_dbg.o [1]
OSDebugInit             0x080013ed  0x1cc  Code  Gb  os_dbg.o [1]
OSEndiannessTest        0x080039a8    0x4  Data  Gb  os_dbg.o [1]
OSEventEn               0x08002782    0x2  Data  Gb  os_dbg.o [1]
OSEventFreeList         0x20002650    0x4  Data  Gb  os_core.o [1]
OSEventMax              0x08003626    0x2  Data  Gb  os_dbg.o [1]
OSEventMultiEn          0x080038d2    0x2  Data  Gb  os_dbg.o [1]
OSEventNameEn           0x0800382e    0x2  Data  Gb  os_dbg.o [1]
OSEventNameSet          0x080001b5   0x50  Code  Gb  os_core.o [1]
OSEventSize             0x080038a0    0x2  Data  Gb  os_dbg.o [1]
OSEventTbl              0x20002330   0xf0  Data  Gb  os_core.o [1]
OSEventTblSize          0x080038c6    0x2  Data  Gb  os_dbg.o [1]
OSFlagEn                0x08003b18    0x2  Data  Gb  os_dbg.o [1]
OSFlagFreeList          0x20002654    0x4  Data  Gb  os_core.o [1]
OSFlagGrpSize           0x08003b1a    0x2  Data  Gb  os_dbg.o [1]
OSFlagMax               0x08003b20    0x2  Data  Gb  os_dbg.o [1]
OSFlagNameEn            0x08003b22    0x2  Data  Gb  os_dbg.o [1]
OSFlagNodeSize          0x08003b1c    0x2  Data  Gb  os_dbg.o [1]
OSFlagTbl               0x20002558   0x50  Data  Gb  os_core.o [1]
OSFlagWidth             0x08003b1e    0x2  Data  Gb  os_dbg.o [1]
OSIdleCtr               0x20002660    0x4  Data  Gb  os_core.o [1]
OSIdleCtrMax            0x20002658    0x4  Data  Gb  os_core.o [1]
OSIdleCtrRun            0x2000265c    0x4  Data  Gb  os_core.o [1]
OSInit                  0x08000205   0x38  Code  Gb  os_core.o [1]
OSInitHookBegin         0x08000d59   0x30  Code  Gb  os_cpu_c.o [1]
OSInitHookEnd           0x08000d89    0x2  Code  Gb  os_cpu_c.o [1]
OSIntCtxSw              0x08000ce7         Code  Gb  os_cpu_a.o [1]
OSIntEnter              0x0800023d   0x24  Code  Gb  os_core.o [1]
OSIntExit               0x08000261   0x94  Code  Gb  os_core.o [1]
OSIntNesting            0x200026a2    0x1  Data  Gb  os_core.o [1]
OSLockNesting           0x200026a3    0x1  Data  Gb  os_core.o [1]
OSLowestPrio            0x08003b24    0x2  Data  Gb  os_dbg.o [1]
OSMboxEn                0x08003b26    0x2  Data  Gb  os_dbg.o [1]
OSMemEn                 0x08003b28    0x2  Data  Gb  os_dbg.o [1]
OSMemFreeList           0x20002674    0x4  Data  Gb  os_core.o [1]
OSMemMax                0x08003b2a    0x2  Data  Gb  os_dbg.o [1]
OSMemNameEn             0x08003b2c    0x2  Data  Gb  os_dbg.o [1]
OSMemSize               0x08003b2e    0x2  Data  Gb  os_dbg.o [1]
OSMemTbl                0x20002420   0x78  Data  Gb  os_core.o [1]
OSMemTblSize            0x08003b30    0x2  Data  Gb  os_dbg.o [1]
OSMutexEn               0x08003b32    0x2  Data  Gb  os_dbg.o [1]
OSPrioCur               0x200026a4    0x1  Data  Gb  os_core.o [1]
OSPrioHighRdy           0x200026a5    0x1  Data  Gb  os_core.o [1]
OSPtrSize               0x08003b34    0x2  Data  Gb  os_dbg.o [1]
OSQEn                   0x08003b36    0x2  Data  Gb  os_dbg.o [1]
OSQFreeList             0x20002678    0x4  Data  Gb  os_core.o [1]
OSQMax                  0x08003b38    0x2  Data  Gb  os_dbg.o [1]
OSQSize                 0x08003b3a    0x2  Data  Gb  os_dbg.o [1]
OSQTbl                  0x200024f8   0x60  Data  Gb  os_core.o [1]
OSRdyGrp                0x200026a6    0x1  Data  Gb  os_core.o [1]
OSRdyTbl                0x20002640    0x8  Data  Gb  os_core.o [1]
OSRdyTblSize            0x08003b3c    0x2  Data  Gb  os_dbg.o [1]
OSRunning               0x200026a7    0x1  Data  Gb  os_core.o [1]
OSSchedLock             0x080002f5   0x3e  Code  Gb  os_core.o [1]
OSSchedUnlock           0x08000333   0x64  Code  Gb  os_core.o [1]
OSSemCreate             0x08001c1d   0x52  Code  Gb  os_sem.o [1]
OSSemEn                 0x08003b3e    0x2  Data  Gb  os_dbg.o [1]
OSSemPend               0x08001c6f   0xec  Code  Gb  os_sem.o [1]
OSSemPost               0x08001d71   0x62  Code  Gb  os_sem.o [1]
OSStart                 0x08000397   0x42  Code  Gb  os_core.o [1]
OSStartHighRdy          0x08000cbb         Code  Gb  os_cpu_a.o [1]
OSStatInit              0x080003d9   0x46  Code  Gb  os_core.o [1]
OSStatRdy               0x200026a1    0x1  Data  Gb  os_core.o [1]
OSStkWidth              0x08003b40    0x2  Data  Gb  os_dbg.o [1]
OSTCBCur                0x20002664    0x4  Data  Gb  os_core.o [1]
OSTCBFreeList           0x20002668    0x4  Data  Gb  os_core.o [1]
OSTCBHighRdy            0x2000266c    0x4  Data  Gb  os_core.o [1]
OSTCBInitHook           0x08000f4b    0xc  Code  Gb  os_cpu_c.o [1]
OSTCBList               0x20002670    0x4  Data  Gb  os_core.o [1]
OSTCBPrioTbl            0x20002230  0x100  Data  Gb  os_core.o [1]
OSTCBPrioTblMax         0x08003b5a    0x2  Data  Gb  os_dbg.o [1]
OSTCBSize               0x08003b5c    0x2  Data  Gb  os_dbg.o [1]
OSTCBTbl                0x2000002c  0x790  Data  Gb  os_core.o [1]
OSTaskCreate            0x0800163d   0xc6  Code  Gb  os_task.o [1]
OSTaskCreateEn          0x08003b42    0x2  Data  Gb  os_dbg.o [1]
OSTaskCreateExt         0x08001703   0xe4  Code  Gb  os_task.o [1]
OSTaskCreateExtEn       0x08003b44    0x2  Data  Gb  os_dbg.o [1]
OSTaskCreateHook        0x08000d8b    0xc  Code  Gb  os_cpu_c.o [1]
OSTaskCtr               0x200026a8    0x1  Data  Gb  os_core.o [1]
OSTaskDel               0x080017e7  0x18e  Code  Gb  os_task.o [1]
OSTaskDelEn             0x08003b46    0x2  Data  Gb  os_dbg.o [1]
OSTaskDelHook           0x08000d97    0xc  Code  Gb  os_cpu_c.o [1]
OSTaskIdleHook          0x08000da3    0x8  Code  Gb  os_cpu_c.o [1]
OSTaskIdleStk           0x20000bbc  0x400  Data  Gb  os_core.o [1]
OSTaskIdleStkSize       0x08003b48    0x2  Data  Gb  os_dbg.o [1]
OSTaskMax               0x08003b4c    0x2  Data  Gb  os_dbg.o [1]
OSTaskNameEn            0x08003b4e    0x2  Data  Gb  os_dbg.o [1]
OSTaskNameSet           0x08001975   0x8e  Code  Gb  os_task.o [1]
OSTaskProfileEn         0x08003b4a    0x2  Data  Gb  os_dbg.o [1]
OSTaskRegNextAvailID    0x200026aa    0x1  Data  Gb  os_core.o [1]
OSTaskRegTblSize        0x08003b58    0x2  Data  Gb  os_dbg.o [1]
OSTaskReturnHook        0x08000dab    0xc  Code  Gb  os_cpu_c.o [1]
OSTaskStatEn            0x08003b50    0x2  Data  Gb  os_dbg.o [1]
OSTaskStatHook          0x08000db7    0x8  Code  Gb  os_cpu_c.o [1]
OSTaskStatStk           0x200007bc  0x400  Data  Gb  os_core.o [1]
OSTaskStatStkChkEn      0x08003b54    0x2  Data  Gb  os_dbg.o [1]
OSTaskStatStkSize       0x08003b52    0x2  Data  Gb  os_dbg.o [1]
OSTaskStkChk            0x08001a09   0xaa  Code  Gb  os_task.o [1]
OSTaskStkInit           0x08000dbf  0x15c  Code  Gb  os_cpu_c.o [1]
OSTaskSuspend           0x08001ab3   0xd0  Code  Gb  os_task.o [1]
OSTaskSwHook            0x08000f1b   0x30  Code  Gb  os_cpu_c.o [1]
OSTaskSwHookEn          0x08003b56    0x2  Data  Gb  os_dbg.o [1]
OSTickStepState         0x200026a9    0x1  Data  Gb  os_core.o [1]
OSTicksPerSec           0x08003b5e    0x2  Data  Gb  os_dbg.o [1]
OSTime                  0x2000267c    0x4  Data  Gb  os_core.o [1]
OSTimeDly               0x080015b9   0x6e  Code  Gb  os_time.o [1]
OSTimeTick              0x0800041f   0xf6  Code  Gb  os_core.o [1]
OSTimeTickHook          0x08000f57   0x24  Code  Gb  os_cpu_c.o [1]
OSTimeTickHookEn        0x08003b60    0x2  Data  Gb  os_dbg.o [1]
OSTmrCfgMax             0x08003b66    0x2  Data  Gb  os_dbg.o [1]
OSTmrCfgNameEn          0x08003b68    0x2  Data  Gb  os_dbg.o [1]
OSTmrCfgTicksPerSec     0x08003b6c    0x2  Data  Gb  os_dbg.o [1]
OSTmrCfgWheelSize       0x08003b6a    0x2  Data  Gb  os_dbg.o [1]
OSTmrCtr                0x2000269e    0x2  Data  Lc  os_cpu_c.o [1]
OSTmrEn                 0x08003b64    0x2  Data  Gb  os_dbg.o [1]
OSTmrFree               0x2000269a    0x2  Data  Gb  os_core.o [1]
OSTmrFreeList           0x2000268c    0x4  Data  Gb  os_core.o [1]
OSTmrSem                0x20002684    0x4  Data  Gb  os_core.o [1]
OSTmrSemSignal          0x20002688    0x4  Data  Gb  os_core.o [1]
OSTmrSignal             0x08001151   0x12  Code  Gb  os_tmr.o [1]
OSTmrSize               0x08003b6e    0x2  Data  Gb  os_dbg.o [1]
OSTmrTaskStk            0x20000fbc  0x400  Data  Gb  os_core.o [1]
OSTmrTbl                0x20001bb4  0x280  Data  Gb  os_core.o [1]
OSTmrTblSize            0x08003b70    0x2  Data  Gb  os_dbg.o [1]
OSTmrTime               0x20002680    0x4  Data  Gb  os_core.o [1]
OSTmrUsed               0x2000269c    0x2  Data  Gb  os_core.o [1]
OSTmrWheelSize          0x08003b72    0x2  Data  Gb  os_dbg.o [1]
OSTmrWheelTbl           0x200025a8   0x38  Data  Gb  os_core.o [1]
OSTmrWheelTblSize       0x08003b74    0x2  Data  Gb  os_dbg.o [1]
OSTmr_Init              0x08001163   0xb6  Code  Gb  os_tmr.o [1]
OSTmr_InitTask          0x08001219   0x38  Code  Lc  os_tmr.o [1]
OSTmr_Link              0x08001251   0x78  Code  Lc  os_tmr.o [1]
OSTmr_Task              0x08001325   0x8e  Code  Lc  os_tmr.o [1]
OSTmr_Unlink            0x080012c9   0x58  Code  Lc  os_tmr.o [1]
OSUnMapTbl              0x08003628  0x100  Data  Gb  os_core.o [1]
OSVersionNbr            0x08003b62    0x2  Data  Gb  os_dbg.o [1]
OS_CPU_ExceptStk        0x20001e34  0x200  Data  Gb  os_cpu_c.o [1]
OS_CPU_ExceptStkBase    0x20002690    0x4  Data  Gb  os_cpu_c.o [1]
OS_CPU_FP_Reg_Pop       0x08000c9b         Code  Gb  os_cpu_a.o [1]
OS_CPU_FP_Reg_Push      0x08000c81         Code  Gb  os_cpu_a.o [1]
OS_CPU_PendSVHandler    0x08000cef         Code  Gb  os_cpu_a.o [1]
OS_CPU_SR_Restore       0x08000cb5         Code  Gb  os_cpu_a.o [1]
OS_CPU_SR_Save          0x08000cad         Code  Gb  os_cpu_a.o [1]
OS_Dummy                0x08000515    0x2  Code  Gb  os_core.o [1]
OS_EventTaskRdy         0x08000517   0xba  Code  Gb  os_core.o [1]
OS_EventTaskRemove      0x0800065f   0x36  Code  Gb  os_core.o [1]
OS_EventTaskRemoveMulti
                        0x08000695   0x4c  Code  Gb  os_core.o [1]
OS_EventTaskWait        0x080005d1   0x8e  Code  Gb  os_core.o [1]
OS_EventWaitListInit    0x080006e1   0x1c  Code  Gb  os_core.o [1]
OS_FlagInit             0x08001001   0x58  Code  Gb  os_flag.o [1]
OS_FlagUnlink           0x08001065   0x32  Code  Gb  os_flag.o [1]
OS_InitEventList        0x080006fd   0x6a  Code  Lc  os_core.o [1]
OS_InitMisc             0x08000767   0x56  Code  Lc  os_core.o [1]
OS_InitRdyList          0x080007bd   0x42  Code  Lc  os_core.o [1]
OS_InitTCBList          0x0800087b   0x78  Code  Lc  os_core.o [1]
OS_InitTaskIdle         0x080007ff   0x3e  Code  Lc  os_core.o [1]
OS_InitTaskStat         0x0800083d   0x3e  Code  Lc  os_core.o [1]
OS_MemClr               0x080008f3   0x12  Code  Gb  os_core.o [1]
OS_MemInit              0x08001099   0x52  Code  Gb  os_mem.o [1]
OS_QInit                0x080010f9   0x4e  Code  Gb  os_q.o [1]
OS_Sched                0x08000905   0x5c  Code  Gb  os_core.o [1]
OS_SchedNew             0x08000961   0x20  Code  Lc  os_core.o [1]
OS_TCBInit              0x08000a83  0x182  Code  Gb  os_core.o [1]
OS_TaskIdle             0x08000981   0x22  Code  Gb  os_core.o [1]
OS_TaskReturn           0x08001b83   0x12  Code  Gb  os_task.o [1]
OS_TaskStat             0x080009b1   0x8e  Code  Gb  os_core.o [1]
OS_TaskStatStkChk       0x08000a3f   0x44  Code  Gb  os_core.o [1]
OS_TaskStkClr           0x08001bc1   0x18  Code  Gb  os_task.o [1]
Region$$Table$$Base     0x0800387c          --   Gb  - Linker created -
Region$$Table$$Limit    0x080038a0          --   Gb  - Linker created -
SDRAM_Handle            0x200025e0   0x34  Data  Lc  bsp_sdram.o [1]
SDRAM_Init              0x080029d1   0xd4  Code  Gb  bsp_sdram.o [1]
SDRAM_InitSeq           0x08002aa5   0xc2  Code  Lc  bsp_sdram.o [1]
SDRAM_MspInit           0x08002b73  0x1f8  Code  Lc  bsp_sdram.o [1]
SVC_Handler             0x080037df    0x2  Code  Gb  stm32f4xx_it.o [1]
SysTick_Config          0x0800229d   0x30  Code  Lc  stm32f4xx_hal_cortex.o [1]
SysTick_Handler         0x080037e3   0x20  Code  Gb  stm32f4xx_it.o [1]
SystemClock_Config      0x080028d9   0xaa  Code  Lc  main.o [1]
SystemCoreClock         0x20000024    0x4  Data  Gb  system_stm32f4xx.o [1]
SystemInit              0x08003729   0x4c  Code  Gb  system_stm32f4xx.o [1]
TimStructure            0x20002614   0x1c  Data  Lc  bsp_sdram.o [1]
UsageFault_Handler      0x080037dd    0x2  Code  Gb  stm32f4xx_it.o [1]
__cmain                 0x080038a5         Code  Gb  cmain.o [5]
__exit                  0x080038d5   0x14  Code  Gb  exit.o [6]
__iar_copy_init3        0x08003803   0x2c  Code  Gb  copy_init3.o [5]
__iar_data_init3        0x08003831   0x28  Code  Gb  data_init.o [5]
__iar_init_vfp          0x08003859         Code  Gb  fpinit_M.o [4]
__iar_program_start     0x08003995         Code  Gb  cstartup_M.o [5]
__iar_zero_init3        0x08003795   0x40  Code  Gb  zero_init3.o [5]
__low_level_init        0x080038bf    0x4  Code  Gb  low_level_init.o [3]
__vector_table          0x08000000         Data  Gb  startup_stm32f469xx.o [1]
_call_main              0x080038b1         Code  Gb  cmain.o [5]
_exit                   0x080038c9         Code  Gb  cexit.o [5]
_main                   0x080038bb         Code  Gb  cmain.o [5]
exit                    0x080038c3    0x4  Code  Gb  exit.o [3]
main                    0x080027f5   0x28  Code  Gb  main.o [1]
time                    0x20002698    0x2  Data  Gb  app_hooks.o [1]
uwTick                  0x20002694    0x4  Data  Gb  stm32f4xx_hal.o [1]


[1] = E:\prj\ARM\STM32F469\MyAppGit\Debug\Obj
[2] = command line
[3] = dl7M_tlf.a
[4] = m7M_tls.a
[5] = rt7M_tl.a
[6] = shb_l.a

  14 648 bytes of readonly  code memory
     620 bytes of readonly  data memory
  26 280 bytes of readwrite data memory

Errors: none
Warnings: none
