###############################################################################
#
# IAR ELF Linker V7.60.2.11341/W32 for ARM                23/Aug/2016  19:19:00
# Copyright 2007-2016 IAR Systems AB.
#
#    Output file  =  E:\prj\ARM\STM32F469\MyAppGit\Debug\Exe\MyAPP.out
#    Map file     =  E:\prj\ARM\STM32F469\MyAppGit\Debug\List\MyAPP.map
#    Command line =  
#        E:\prj\ARM\STM32F469\MyAppGit\Debug\Obj\adler32.o
#        E:\prj\ARM\STM32F469\MyAppGit\Debug\Obj\app_hooks.o
#        E:\prj\ARM\STM32F469\MyAppGit\Debug\Obj\bsp_sdram.o
#        E:\prj\ARM\STM32F469\MyAppGit\Debug\Obj\compress.o
#        E:\prj\ARM\STM32F469\MyAppGit\Debug\Obj\crc32.o
#        E:\prj\ARM\STM32F469\MyAppGit\Debug\Obj\deflate.o
#        E:\prj\ARM\STM32F469\MyAppGit\Debug\Obj\displaybmp.o
#        E:\prj\ARM\STM32F469\MyAppGit\Debug\Obj\displaygif.o
#        E:\prj\ARM\STM32F469\MyAppGit\Debug\Obj\displayjpeg.o
#        E:\prj\ARM\STM32F469\MyAppGit\Debug\Obj\displaypng.o
#        E:\prj\ARM\STM32F469\MyAppGit\Debug\Obj\GUI_PNG.o
#        E:\prj\ARM\STM32F469\MyAppGit\Debug\Obj\GUI_X_uCOS.o
#        E:\prj\ARM\STM32F469\MyAppGit\Debug\Obj\GUIConf.o
#        E:\prj\ARM\STM32F469\MyAppGit\Debug\Obj\gzio.o
#        E:\prj\ARM\STM32F469\MyAppGit\Debug\Obj\IMAGE_PNG.o
#        E:\prj\ARM\STM32F469\MyAppGit\Debug\Obj\infback.o
#        E:\prj\ARM\STM32F469\MyAppGit\Debug\Obj\inffast.o
#        E:\prj\ARM\STM32F469\MyAppGit\Debug\Obj\inflate.o
#        E:\prj\ARM\STM32F469\MyAppGit\Debug\Obj\inftrees.o
#        E:\prj\ARM\STM32F469\MyAppGit\Debug\Obj\LCDConf.o
#        E:\prj\ARM\STM32F469\MyAppGit\Drivers\DSP_Lib\libarm_cortexM4lf_math.a
#        E:\prj\ARM\STM32F469\MyAppGit\Debug\Obj\main.o
#        E:\prj\ARM\STM32F469\MyAppGit\Debug\Obj\malloc.o
#        E:\prj\ARM\STM32F469\MyAppGit\Debug\Obj\os_core.o
#        E:\prj\ARM\STM32F469\MyAppGit\Debug\Obj\os_cpu_a.o
#        E:\prj\ARM\STM32F469\MyAppGit\Debug\Obj\os_cpu_c.o
#        E:\prj\ARM\STM32F469\MyAppGit\Debug\Obj\os_dbg.o
#        E:\prj\ARM\STM32F469\MyAppGit\Debug\Obj\os_flag.o
#        E:\prj\ARM\STM32F469\MyAppGit\Debug\Obj\os_mbox.o
#        E:\prj\ARM\STM32F469\MyAppGit\Debug\Obj\os_mem.o
#        E:\prj\ARM\STM32F469\MyAppGit\Debug\Obj\os_mutex.o
#        E:\prj\ARM\STM32F469\MyAppGit\Debug\Obj\os_q.o
#        E:\prj\ARM\STM32F469\MyAppGit\Debug\Obj\os_sem.o
#        E:\prj\ARM\STM32F469\MyAppGit\Debug\Obj\os_task.o
#        E:\prj\ARM\STM32F469\MyAppGit\Debug\Obj\os_time.o
#        E:\prj\ARM\STM32F469\MyAppGit\Debug\Obj\os_tmr.o
#        E:\prj\ARM\STM32F469\MyAppGit\Debug\Obj\png.o
#        E:\prj\ARM\STM32F469\MyAppGit\Debug\Obj\pngerror.o
#        E:\prj\ARM\STM32F469\MyAppGit\Debug\Obj\pnggccrd.o
#        E:\prj\ARM\STM32F469\MyAppGit\Debug\Obj\pngget.o
#        E:\prj\ARM\STM32F469\MyAppGit\Debug\Obj\pngmem.o
#        E:\prj\ARM\STM32F469\MyAppGit\Debug\Obj\pngpread.o
#        E:\prj\ARM\STM32F469\MyAppGit\Debug\Obj\pngread.o
#        E:\prj\ARM\STM32F469\MyAppGit\Debug\Obj\pngrio.o
#        E:\prj\ARM\STM32F469\MyAppGit\Debug\Obj\pngrtran.o
#        E:\prj\ARM\STM32F469\MyAppGit\Debug\Obj\pngrutil.o
#        E:\prj\ARM\STM32F469\MyAppGit\Debug\Obj\pngset.o
#        E:\prj\ARM\STM32F469\MyAppGit\Debug\Obj\pngtrans.o
#        E:\prj\ARM\STM32F469\MyAppGit\Debug\Obj\pngvcrd.o
#        E:\prj\ARM\STM32F469\MyAppGit\Debug\Obj\pngwio.o
#        E:\prj\ARM\STM32F469\MyAppGit\Debug\Obj\pngwrite.o
#        E:\prj\ARM\STM32F469\MyAppGit\Debug\Obj\pngwtran.o
#        E:\prj\ARM\STM32F469\MyAppGit\Debug\Obj\pngwutil.o
#        E:\prj\ARM\STM32F469\MyAppGit\Debug\Obj\startup_stm32f469xx.o
#        E:\prj\ARM\STM32F469\MyAppGit\STemWin\Lib\STemWin532_CM4_OS_IAR_ot.a
#        E:\prj\ARM\STM32F469\MyAppGit\Debug\Obj\stm32469i_discovery.o
#        E:\prj\ARM\STM32F469\MyAppGit\Debug\Obj\stm32f4xx_hal.o
#        E:\prj\ARM\STM32F469\MyAppGit\Debug\Obj\stm32f4xx_hal_adc.o
#        E:\prj\ARM\STM32F469\MyAppGit\Debug\Obj\stm32f4xx_hal_adc_ex.o
#        E:\prj\ARM\STM32F469\MyAppGit\Debug\Obj\stm32f4xx_hal_can.o
#        E:\prj\ARM\STM32F469\MyAppGit\Debug\Obj\stm32f4xx_hal_cortex.o
#        E:\prj\ARM\STM32F469\MyAppGit\Debug\Obj\stm32f4xx_hal_crc.o
#        E:\prj\ARM\STM32F469\MyAppGit\Debug\Obj\stm32f4xx_hal_dac.o
#        E:\prj\ARM\STM32F469\MyAppGit\Debug\Obj\stm32f4xx_hal_dac_ex.o
#        E:\prj\ARM\STM32F469\MyAppGit\Debug\Obj\stm32f4xx_hal_dcmi.o
#        E:\prj\ARM\STM32F469\MyAppGit\Debug\Obj\stm32f4xx_hal_dcmi_ex.o
#        E:\prj\ARM\STM32F469\MyAppGit\Debug\Obj\stm32f4xx_hal_dma.o
#        E:\prj\ARM\STM32F469\MyAppGit\Debug\Obj\stm32f4xx_hal_dma2d.o
#        E:\prj\ARM\STM32F469\MyAppGit\Debug\Obj\stm32f4xx_hal_dma_ex.o
#        E:\prj\ARM\STM32F469\MyAppGit\Debug\Obj\stm32f4xx_hal_dsi.o
#        E:\prj\ARM\STM32F469\MyAppGit\Debug\Obj\stm32f4xx_hal_eth.o
#        E:\prj\ARM\STM32F469\MyAppGit\Debug\Obj\stm32f4xx_hal_flash.o
#        E:\prj\ARM\STM32F469\MyAppGit\Debug\Obj\stm32f4xx_hal_flash_ex.o
#        E:\prj\ARM\STM32F469\MyAppGit\Debug\Obj\stm32f4xx_hal_flash_ramfunc.o
#        E:\prj\ARM\STM32F469\MyAppGit\Debug\Obj\stm32f4xx_hal_gpio.o
#        E:\prj\ARM\STM32F469\MyAppGit\Debug\Obj\stm32f4xx_hal_hcd.o
#        E:\prj\ARM\STM32F469\MyAppGit\Debug\Obj\stm32f4xx_hal_i2c.o
#        E:\prj\ARM\STM32F469\MyAppGit\Debug\Obj\stm32f4xx_hal_i2c_ex.o
#        E:\prj\ARM\STM32F469\MyAppGit\Debug\Obj\stm32f4xx_hal_i2s.o
#        E:\prj\ARM\STM32F469\MyAppGit\Debug\Obj\stm32f4xx_hal_i2s_ex.o
#        E:\prj\ARM\STM32F469\MyAppGit\Debug\Obj\stm32f4xx_hal_irda.o
#        E:\prj\ARM\STM32F469\MyAppGit\Debug\Obj\stm32f4xx_hal_iwdg.o
#        E:\prj\ARM\STM32F469\MyAppGit\Debug\Obj\stm32f4xx_hal_ltdc.o
#        E:\prj\ARM\STM32F469\MyAppGit\Debug\Obj\stm32f4xx_hal_ltdc_ex.o
#        E:\prj\ARM\STM32F469\MyAppGit\Debug\Obj\stm32f4xx_hal_msp.o
#        E:\prj\ARM\STM32F469\MyAppGit\Debug\Obj\stm32f4xx_hal_nand.o
#        E:\prj\ARM\STM32F469\MyAppGit\Debug\Obj\stm32f4xx_hal_nor.o
#        E:\prj\ARM\STM32F469\MyAppGit\Debug\Obj\stm32f4xx_hal_pcd.o
#        E:\prj\ARM\STM32F469\MyAppGit\Debug\Obj\stm32f4xx_hal_pcd_ex.o
#        E:\prj\ARM\STM32F469\MyAppGit\Debug\Obj\stm32f4xx_hal_pwr.o
#        E:\prj\ARM\STM32F469\MyAppGit\Debug\Obj\stm32f4xx_hal_pwr_ex.o
#        E:\prj\ARM\STM32F469\MyAppGit\Debug\Obj\stm32f4xx_hal_qspi.o
#        E:\prj\ARM\STM32F469\MyAppGit\Debug\Obj\stm32f4xx_hal_rcc.o
#        E:\prj\ARM\STM32F469\MyAppGit\Debug\Obj\stm32f4xx_hal_rcc_ex.o
#        E:\prj\ARM\STM32F469\MyAppGit\Debug\Obj\stm32f4xx_hal_rng.o
#        E:\prj\ARM\STM32F469\MyAppGit\Debug\Obj\stm32f4xx_hal_rtc.o
#        E:\prj\ARM\STM32F469\MyAppGit\Debug\Obj\stm32f4xx_hal_rtc_ex.o
#        E:\prj\ARM\STM32F469\MyAppGit\Debug\Obj\stm32f4xx_hal_sai.o
#        E:\prj\ARM\STM32F469\MyAppGit\Debug\Obj\stm32f4xx_hal_sai_ex.o
#        E:\prj\ARM\STM32F469\MyAppGit\Debug\Obj\stm32f4xx_hal_sd.o
#        E:\prj\ARM\STM32F469\MyAppGit\Debug\Obj\stm32f4xx_hal_sdram.o
#        E:\prj\ARM\STM32F469\MyAppGit\Debug\Obj\stm32f4xx_hal_smartcard.o
#        E:\prj\ARM\STM32F469\MyAppGit\Debug\Obj\stm32f4xx_hal_spi.o
#        E:\prj\ARM\STM32F469\MyAppGit\Debug\Obj\stm32f4xx_hal_sram.o
#        E:\prj\ARM\STM32F469\MyAppGit\Debug\Obj\stm32f4xx_hal_tim.o
#        E:\prj\ARM\STM32F469\MyAppGit\Debug\Obj\stm32f4xx_hal_tim_ex.o
#        E:\prj\ARM\STM32F469\MyAppGit\Debug\Obj\stm32f4xx_hal_uart.o
#        E:\prj\ARM\STM32F469\MyAppGit\Debug\Obj\stm32f4xx_hal_usart.o
#        E:\prj\ARM\STM32F469\MyAppGit\Debug\Obj\stm32f4xx_hal_wwdg.o
#        E:\prj\ARM\STM32F469\MyAppGit\Debug\Obj\stm32f4xx_it.o
#        E:\prj\ARM\STM32F469\MyAppGit\Debug\Obj\stm32f4xx_ll_fmc.o
#        E:\prj\ARM\STM32F469\MyAppGit\Debug\Obj\stm32f4xx_ll_sdmmc.o
#        E:\prj\ARM\STM32F469\MyAppGit\Debug\Obj\stm32f4xx_ll_usb.o
#        E:\prj\ARM\STM32F469\MyAppGit\Debug\Obj\system_stm32f4xx.o
#        E:\prj\ARM\STM32F469\MyAppGit\Debug\Obj\trees.o
#        E:\prj\ARM\STM32F469\MyAppGit\Debug\Obj\uncompr.o
#        E:\prj\ARM\STM32F469\MyAppGit\Debug\Obj\zutil.o --redirect
#        _Printf=_PrintfSmall --redirect _Scanf=_ScanfSmall -o
#        E:\prj\ARM\STM32F469\MyAppGit\Debug\Exe\MyAPP.out --map
#        E:\prj\ARM\STM32F469\MyAppGit\Debug\List\MyAPP.map --log call_graph
#        --log_file E:\prj\ARM\STM32F469\MyAppGit\Debug\List\MyAPP.log --config
#        E:\prj\ARM\STM32F469\MyApp\stm32f469xx_flash.icf --debug_heap
#        --semihosting --entry __iar_program_start --no_vfe
#
###############################################################################

*******************************************************************************
*** RUNTIME MODEL ATTRIBUTES
***

CppFlavor                   = *
__Heap_Handler              = DLMalloc
__SystemLibrary             = DLib
__dlib_jmp_buf_num_elements = 16


*******************************************************************************
*** PLACEMENT SUMMARY
***

"A1":  place at 0x08000000 { ro section .intvec };
"P1":  place in [from 0x08000000 to 0x081fffff] { ro };
"P2":  place in [from 0x20000000 to 0x2004ffff] { rw, block CSTACK, block HEAP };
initialize by copy { rw };

  Section            Kind        Address    Size  Object
  -------            ----        -------    ----  ------
"A1":                                      0x1b4
  .intvec            ro code  0x08000000   0x1b4  startup_stm32f469xx.o [1]
                            - 0x080001b4   0x1b4

"P1":                                     0x341e
  .text              ro code  0x080001b4   0x880  os_core.o [1]
  .text              ro code  0x08000a34   0x280  os_cpu_c.o [1]
  .text              ro code  0x08000cb4    0x96  os_flag.o [1]
  .rodata            const    0x08000d4a     0x2  os_dbg.o [1]
  .text              ro code  0x08000d4c    0x5c  os_q.o [1]
  .text              ro code  0x08000da8   0x174  os_dbg.o [1]
  CODE               ro code  0x08000f1c    0xe0  os_cpu_a.o [1]
  .text              ro code  0x08000ffc    0x84  os_time.o [1]
  .text              ro code  0x08001080   0x4d4  os_task.o [1]
  .text              ro code  0x08001554    0x42  app_hooks.o [1]
  .rodata            const    0x08001596     0x2  os_dbg.o [1]
  .text              ro code  0x08001598   0x128  stm32469i_discovery.o [1]
  .text              ro code  0x080016c0   0x258  stm32f4xx_hal_gpio.o [1]
  .text              ro code  0x08001918   0x7ac  stm32f4xx_hal_rcc_ex.o [1]
  .text              ro code  0x080020c4    0x54  stm32f4xx_hal.o [1]
  .text              ro code  0x08002118   0x118  stm32f4xx_hal_cortex.o [1]
  .text              ro code  0x08002230   0x222  main.o [1]
  .text              ro code  0x08002452     0x2  stm32f4xx_hal_msp.o [1]
  .text              ro code  0x08002454    0x94  stm32f4xx_hal_pwr_ex.o [1]
  .text              ro code  0x080024e8   0x27c  stm32f4xx_hal_rcc.o [1]
  .text              ro code  0x08002764   0x4dc  xprintfsmall.o [5]
  .text              ro code  0x08002c40    0x16  strchr.o [7]
  .rodata            const    0x08002c56     0x2  os_dbg.o [1]
  .text              ro code  0x08002c58    0x36  strlen.o [7]
  .rodata            const    0x08002c8e     0x2  os_dbg.o [1]
  .text              ro code  0x08002c90    0x58  memchr.o [7]
  .text              ro code  0x08002ce8   0x180  stm32f4xx_it.o [1]
  .text              ro code  0x08002e68    0x24  printf.o [5]
  .rodata            const    0x08002e8c   0x100  os_core.o [1]
  .text              ro code  0x08002f8c    0x7c  system_stm32f4xx.o [1]
  .text              ro code  0x08003008    0x6c  iarttio.o [8]
  .text              ro code  0x08003074     0x8  XShttio.o [5]
  .text              ro code  0x0800307c    0x40  zero_init3.o [7]
  .text              ro code  0x080030bc    0x2c  copy_init3.o [7]
  Initializer bytes  const    0x080030e8    0x2c  <for P2-1>
  .text              ro code  0x08003114    0x28  putchar.o [5]
  .text              ro code  0x0800313c    0x10  write.o [8]
  .text              ro code  0x0800314c    0x1e  dwrite.o [8]
  .text              ro code  0x0800316a    0x20  iarwstd.o [8]
  .text              ro code  0x0800318a    0x20  iarwrite.o [8]
  .rodata            const    0x080031aa     0x2  os_dbg.o [1]
  .text              ro code  0x080031ac    0x28  data_init.o [7]
  .text              ro code  0x080031d4    0x22  fpinit_M.o [6]
  .iar.init_table    const    0x080031f8    0x24  - Linker created -
  .rodata            const    0x0800321c     0x2  os_dbg.o [1]
  .text              ro code  0x08003220    0x1a  cmain.o [7]
  .text              ro code  0x0800323a     0x4  low_level_init.o [5]
  .text              ro code  0x0800323e     0x4  exit.o [5]
  .rodata            const    0x08003242     0x2  os_dbg.o [1]
  .text              ro code  0x08003244     0xa  cexit.o [7]
  .rodata            const    0x0800324e     0x2  os_dbg.o [1]
  .text              ro code  0x08003250    0x14  exit.o [8]
  .text              ro code  0x08003264    0x16  xprout.o [5]
  .rodata            const    0x0800327a     0x2  os_dbg.o [1]
  .rodata            const    0x0800327c    0x14  main.o [1]
  .rodata            const    0x08003290    0x14  stm32f4xx_it.o [1]
  .text              ro code  0x080032a4    0x14  startup_stm32f469xx.o [1]
  .rodata            const    0x080032b8    0x10  main.o [1]
  .rodata            const    0x080032c8    0x10  main.o [1]
  .rodata            const    0x080032d8    0x10  os_core.o [1]
  .rodata            const    0x080032e8    0x10  os_core.o [1]
  .rodata            const    0x080032f8    0x10  stm32f4xx_hal_rcc.o [1]
  .rodata            const    0x08003308    0x10  stm32f4xx_it.o [1]
  .rodata            const    0x08003318    0x10  stm32f4xx_it.o [1]
  .rodata            const    0x08003328    0x10  stm32f4xx_it.o [1]
  .text              ro code  0x08003338    0x10  startup_stm32f469xx.o [1]
  .rodata            const    0x08003348     0xc  stm32f4xx_it.o [1]
  .rodata            const    0x08003354     0xc  stm32f4xx_it.o [1]
  .rodata            const    0x08003360     0xc  stm32f4xx_it.o [1]
  .rodata            const    0x0800336c     0xc  stm32f4xx_it.o [1]
  .rodata            const    0x08003378     0xc  stm32f4xx_it.o [1]
  .rodata            const    0x08003384     0xc  stm32f4xx_it.o [1]
  .rodata            const    0x08003390     0xc  stm32f4xx_it.o [1]
  .rodata            const    0x0800339c     0xc  stm32f4xx_it.o [1]
  .rodata            const    0x080033a8     0xc  stm32f4xx_it.o [1]
  .rodata            const    0x080033b4     0xc  stm32f4xx_it.o [1]
  .rodata            const    0x080033c0     0xc  stm32f4xx_it.o [1]
  .rodata            const    0x080033cc     0xc  stm32f4xx_it.o [1]
  .rodata            const    0x080033d8     0xc  stm32f4xx_it.o [1]
  .rodata            const    0x080033e4     0xc  stm32f4xx_it.o [1]
  .text              ro code  0x080033f0     0xc  cstartup_M.o [7]
  .rodata            const    0x080033fc     0x8  stm32f4xx_it.o [1]
  .rodata            const    0x08003404     0x4  os_dbg.o [1]
  .text              ro code  0x08003408     0x4  startup_stm32f469xx.o [1]
  .text              ro code  0x0800340c     0x4  startup_stm32f469xx.o [1]
  .text              ro code  0x08003410     0x4  startup_stm32f469xx.o [1]
  .text              ro code  0x08003414     0x4  startup_stm32f469xx.o [1]
  .text              ro code  0x08003418     0x4  startup_stm32f469xx.o [1]
  .text              ro code  0x0800341c     0x4  startup_stm32f469xx.o [1]
  .text              ro code  0x08003420     0x4  startup_stm32f469xx.o [1]
  .text              ro code  0x08003424     0x4  startup_stm32f469xx.o [1]
  .text              ro code  0x08003428     0x4  startup_stm32f469xx.o [1]
  .text              ro code  0x0800342c     0x4  startup_stm32f469xx.o [1]
  .text              ro code  0x08003430     0x4  startup_stm32f469xx.o [1]
  .text              ro code  0x08003434     0x4  startup_stm32f469xx.o [1]
  .text              ro code  0x08003438     0x4  startup_stm32f469xx.o [1]
  .text              ro code  0x0800343c     0x4  startup_stm32f469xx.o [1]
  .text              ro code  0x08003440     0x4  startup_stm32f469xx.o [1]
  .text              ro code  0x08003444     0x4  startup_stm32f469xx.o [1]
  .text              ro code  0x08003448     0x4  startup_stm32f469xx.o [1]
  .text              ro code  0x0800344c     0x4  startup_stm32f469xx.o [1]
  .text              ro code  0x08003450     0x4  startup_stm32f469xx.o [1]
  .text              ro code  0x08003454     0x4  startup_stm32f469xx.o [1]
  .text              ro code  0x08003458     0x4  startup_stm32f469xx.o [1]
  .text              ro code  0x0800345c     0x4  startup_stm32f469xx.o [1]
  .text              ro code  0x08003460     0x4  startup_stm32f469xx.o [1]
  .text              ro code  0x08003464     0x4  startup_stm32f469xx.o [1]
  .text              ro code  0x08003468     0x4  startup_stm32f469xx.o [1]
  .text              ro code  0x0800346c     0x4  startup_stm32f469xx.o [1]
  .text              ro code  0x08003470     0x4  startup_stm32f469xx.o [1]
  .text              ro code  0x08003474     0x4  startup_stm32f469xx.o [1]
  .text              ro code  0x08003478     0x4  startup_stm32f469xx.o [1]
  .text              ro code  0x0800347c     0x4  startup_stm32f469xx.o [1]
  .text              ro code  0x08003480     0x4  startup_stm32f469xx.o [1]
  .text              ro code  0x08003484     0x4  startup_stm32f469xx.o [1]
  .text              ro code  0x08003488     0x4  startup_stm32f469xx.o [1]
  .text              ro code  0x0800348c     0x4  startup_stm32f469xx.o [1]
  .text              ro code  0x08003490     0x4  startup_stm32f469xx.o [1]
  .text              ro code  0x08003494     0x4  startup_stm32f469xx.o [1]
  .text              ro code  0x08003498     0x4  startup_stm32f469xx.o [1]
  .text              ro code  0x0800349c     0x4  startup_stm32f469xx.o [1]
  .text              ro code  0x080034a0     0x4  startup_stm32f469xx.o [1]
  .text              ro code  0x080034a4     0x4  startup_stm32f469xx.o [1]
  .text              ro code  0x080034a8     0x4  startup_stm32f469xx.o [1]
  .text              ro code  0x080034ac     0x4  startup_stm32f469xx.o [1]
  .text              ro code  0x080034b0     0x4  startup_stm32f469xx.o [1]
  .text              ro code  0x080034b4     0x4  startup_stm32f469xx.o [1]
  .text              ro code  0x080034b8     0x4  startup_stm32f469xx.o [1]
  .text              ro code  0x080034bc     0x4  startup_stm32f469xx.o [1]
  .text              ro code  0x080034c0     0x4  startup_stm32f469xx.o [1]
  .text              ro code  0x080034c4     0x4  startup_stm32f469xx.o [1]
  .text              ro code  0x080034c8     0x4  startup_stm32f469xx.o [1]
  .text              ro code  0x080034cc     0x4  startup_stm32f469xx.o [1]
  .text              ro code  0x080034d0     0x4  startup_stm32f469xx.o [1]
  .text              ro code  0x080034d4     0x4  startup_stm32f469xx.o [1]
  .text              ro code  0x080034d8     0x4  startup_stm32f469xx.o [1]
  .text              ro code  0x080034dc     0x4  startup_stm32f469xx.o [1]
  .text              ro code  0x080034e0     0x4  startup_stm32f469xx.o [1]
  .text              ro code  0x080034e4     0x4  startup_stm32f469xx.o [1]
  .text              ro code  0x080034e8     0x4  startup_stm32f469xx.o [1]
  .text              ro code  0x080034ec     0x4  startup_stm32f469xx.o [1]
  .text              ro code  0x080034f0     0x4  startup_stm32f469xx.o [1]
  .text              ro code  0x080034f4     0x4  startup_stm32f469xx.o [1]
  .text              ro code  0x080034f8     0x4  startup_stm32f469xx.o [1]
  .text              ro code  0x080034fc     0x4  startup_stm32f469xx.o [1]
  .text              ro code  0x08003500     0x4  startup_stm32f469xx.o [1]
  .text              ro code  0x08003504     0x4  startup_stm32f469xx.o [1]
  .text              ro code  0x08003508     0x4  startup_stm32f469xx.o [1]
  .text              ro code  0x0800350c     0x4  startup_stm32f469xx.o [1]
  .text              ro code  0x08003510     0x4  startup_stm32f469xx.o [1]
  .text              ro code  0x08003514     0x4  startup_stm32f469xx.o [1]
  .text              ro code  0x08003518     0x4  startup_stm32f469xx.o [1]
  .text              ro code  0x0800351c     0x4  startup_stm32f469xx.o [1]
  .text              ro code  0x08003520     0x4  startup_stm32f469xx.o [1]
  .text              ro code  0x08003524     0x4  startup_stm32f469xx.o [1]
  .text              ro code  0x08003528     0x4  startup_stm32f469xx.o [1]
  .text              ro code  0x0800352c     0x4  startup_stm32f469xx.o [1]
  .text              ro code  0x08003530     0x4  startup_stm32f469xx.o [1]
  .text              ro code  0x08003534     0x4  startup_stm32f469xx.o [1]
  .text              ro code  0x08003538     0x4  startup_stm32f469xx.o [1]
  .text              ro code  0x0800353c     0x4  startup_stm32f469xx.o [1]
  .text              ro code  0x08003540     0x4  startup_stm32f469xx.o [1]
  .text              ro code  0x08003544     0x4  startup_stm32f469xx.o [1]
  .text              ro code  0x08003548     0x4  startup_stm32f469xx.o [1]
  .text              ro code  0x0800354c     0x4  startup_stm32f469xx.o [1]
  .text              ro code  0x08003550     0x4  startup_stm32f469xx.o [1]
  .text              ro code  0x08003554     0x4  startup_stm32f469xx.o [1]
  .text              ro code  0x08003558     0x4  startup_stm32f469xx.o [1]
  .text              ro code  0x0800355c     0x4  startup_stm32f469xx.o [1]
  .text              ro code  0x08003560     0x4  startup_stm32f469xx.o [1]
  .text              ro code  0x08003564     0x4  startup_stm32f469xx.o [1]
  .text              ro code  0x08003568     0x4  startup_stm32f469xx.o [1]
  .text              ro code  0x0800356c     0x4  startup_stm32f469xx.o [1]
  .text              ro code  0x08003570     0x4  startup_stm32f469xx.o [1]
  .rodata            const    0x08003574     0x2  os_dbg.o [1]
  .rodata            const    0x08003576     0x2  os_dbg.o [1]
  .rodata            const    0x08003578     0x2  os_dbg.o [1]
  .rodata            const    0x0800357a     0x2  os_dbg.o [1]
  .rodata            const    0x0800357c     0x2  os_dbg.o [1]
  .rodata            const    0x0800357e     0x2  os_dbg.o [1]
  .rodata            const    0x08003580     0x2  os_dbg.o [1]
  .rodata            const    0x08003582     0x2  os_dbg.o [1]
  .rodata            const    0x08003584     0x2  os_dbg.o [1]
  .rodata            const    0x08003586     0x2  os_dbg.o [1]
  .rodata            const    0x08003588     0x2  os_dbg.o [1]
  .rodata            const    0x0800358a     0x2  os_dbg.o [1]
  .rodata            const    0x0800358c     0x2  os_dbg.o [1]
  .rodata            const    0x0800358e     0x2  os_dbg.o [1]
  .rodata            const    0x08003590     0x2  os_dbg.o [1]
  .rodata            const    0x08003592     0x2  os_dbg.o [1]
  .rodata            const    0x08003594     0x2  os_dbg.o [1]
  .rodata            const    0x08003596     0x2  os_dbg.o [1]
  .rodata            const    0x08003598     0x2  os_dbg.o [1]
  .rodata            const    0x0800359a     0x2  os_dbg.o [1]
  .rodata            const    0x0800359c     0x2  os_dbg.o [1]
  .rodata            const    0x0800359e     0x2  os_dbg.o [1]
  .rodata            const    0x080035a0     0x2  os_dbg.o [1]
  .rodata            const    0x080035a2     0x2  os_dbg.o [1]
  .rodata            const    0x080035a4     0x2  os_dbg.o [1]
  .rodata            const    0x080035a6     0x2  os_dbg.o [1]
  .rodata            const    0x080035a8     0x2  os_dbg.o [1]
  .rodata            const    0x080035aa     0x2  os_dbg.o [1]
  .rodata            const    0x080035ac     0x2  os_dbg.o [1]
  .rodata            const    0x080035ae     0x2  os_dbg.o [1]
  .rodata            const    0x080035b0     0x2  os_dbg.o [1]
  .rodata            const    0x080035b2     0x2  os_dbg.o [1]
  .rodata            const    0x080035b4     0x2  os_dbg.o [1]
  .rodata            const    0x080035b6     0x2  os_dbg.o [1]
  .rodata            const    0x080035b8     0x2  os_dbg.o [1]
  .rodata            const    0x080035ba     0x2  os_dbg.o [1]
  .rodata            const    0x080035bc     0x2  os_dbg.o [1]
  .rodata            const    0x080035be     0x2  os_dbg.o [1]
  .rodata            const    0x080035c0     0x2  os_dbg.o [1]
  .rodata            const    0x080035c2     0x2  os_dbg.o [1]
  .rodata            const    0x080035c4     0x2  os_dbg.o [1]
  .rodata            const    0x080035c6     0x2  os_dbg.o [1]
  .rodata            const    0x080035c8     0x2  os_dbg.o [1]
  .rodata            const    0x080035ca     0x2  os_dbg.o [1]
  .rodata            const    0x080035cc     0x2  os_dbg.o [1]
  .rodata            const    0x080035ce     0x2  os_dbg.o [1]
  .text              ro code  0x080035d0     0x2  bsp_sdram.o [1]
  .rodata            const    0x080035d2     0x0  zero_init3.o [7]
  .rodata            const    0x080035d2     0x0  copy_init3.o [7]
                            - 0x080035d2  0x341e

"P2", part 1 of 3:                          0x2c
  P2-1                        0x20000000    0x2c  <Init block>
    .data            inited   0x20000000    0x10  stm32469i_discovery.o [1]
    .data            inited   0x20000010    0x10  stm32469i_discovery.o [1]
    .data            inited   0x20000020     0x4  system_stm32f4xx.o [1]
    .data            inited   0x20000024     0x8  XShttio.o [5]
                            - 0x2000002c    0x2c

"P2", part 2 of 3:                        0x8000
  CSTACK                      0x20000030  0x8000  <Block>
    CSTACK           uninit   0x20000030  0x8000  <Block tail>
                            - 0x20008030  0x8000

"P2", part 3 of 3:                        0x1eec
  .bss               zero     0x20008030   0x7fc  main.o [1]
  .bss               zero     0x2000882c   0x6e0  os_core.o [1]
  .bss               zero     0x20008f0c   0x3fc  main.o [1]
  .bss               zero     0x20009308   0x3fc  main.o [1]
  .bss               zero     0x20009704   0x200  os_core.o [1]
  .bss               zero     0x20009904   0x200  os_core.o [1]
  .bss               zero     0x20009b04   0x200  os_cpu_c.o [1]
  .bss               zero     0x20009d04    0xc8  os_core.o [1]
  .bss               zero     0x20009dcc    0x60  os_core.o [1]
  .bss               zero     0x20009e2c    0x54  os_core.o [1]
  .bss               zero     0x20009e80    0x50  os_core.o [1]
  .bss               zero     0x20009ed0     0x4  os_core.o [1]
  .bss               zero     0x20009ed4     0x4  os_core.o [1]
  .bss               zero     0x20009ed8     0x4  os_core.o [1]
  .bss               zero     0x20009edc     0x4  os_core.o [1]
  .bss               zero     0x20009ee0     0x4  os_core.o [1]
  .bss               zero     0x20009ee4     0x4  os_core.o [1]
  .bss               zero     0x20009ee8     0x4  os_core.o [1]
  .bss               zero     0x20009eec     0x4  os_core.o [1]
  .bss               zero     0x20009ef0     0x4  os_core.o [1]
  .bss               zero     0x20009ef4     0x4  os_core.o [1]
  .bss               zero     0x20009ef8     0x4  os_core.o [1]
  .bss               zero     0x20009efc     0x4  os_core.o [1]
  .bss               zero     0x20009f00     0x4  os_core.o [1]
  .bss               zero     0x20009f04     0x4  os_cpu_c.o [1]
  .bss               zero     0x20009f08     0x4  stm32f4xx_hal.o [1]
  .bss               zero     0x20009f0c     0x2  app_hooks.o [1]
  .bss               zero     0x20009f0e     0x1  os_core.o [1]
  .bss               zero     0x20009f0f     0x1  os_core.o [1]
  .bss               zero     0x20009f10     0x1  os_core.o [1]
  .bss               zero     0x20009f11     0x1  os_core.o [1]
  .bss               zero     0x20009f12     0x1  os_core.o [1]
  .bss               zero     0x20009f13     0x1  os_core.o [1]
  .bss               zero     0x20009f14     0x1  os_core.o [1]
  .bss               zero     0x20009f15     0x1  os_core.o [1]
  .bss               zero     0x20009f16     0x1  os_core.o [1]
  .bss               zero     0x20009f17     0x1  os_core.o [1]
  .bss               zero     0x20009f18     0x1  os_core.o [1]
                            - 0x20009f19  0x1ee9


*******************************************************************************
*** INIT TABLE
***

          Address     Size
          -------     ----
Zero (__iar_zero_init3)
    1 destination range, total size 0x1ee9:
          0x20008030  0x1ee9

Copy (__iar_copy_init3)
    1 source range, total size 0x2c:
          0x080030e8    0x2c
    1 destination range, total size 0x2c:
          0x20000000    0x2c



*******************************************************************************
*** MODULE SUMMARY
***

    Module                  ro code  ro data  rw data
    ------                  -------  -------  -------
E:\prj\ARM\STM32F469\MyAppGit\Debug\Obj: [1]
    app_hooks.o                  66                 2
    bsp_sdram.o                   2
    main.o                      546       52    4 084
    os_core.o                 2 176      288    3 307
    os_cpu_a.o                  224
    os_cpu_c.o                  640               516
    os_dbg.o                    372      114
    os_flag.o                   150
    os_q.o                       92
    os_task.o                 1 236
    os_time.o                   132
    startup_stm32f469xx.o       836
    stm32469i_discovery.o       296       32       32
    stm32f4xx_hal.o              84                 4
    stm32f4xx_hal_cortex.o      280
    stm32f4xx_hal_gpio.o        600
    stm32f4xx_hal_msp.o           2
    stm32f4xx_hal_pwr_ex.o      148
    stm32f4xx_hal_rcc.o         636       16
    stm32f4xx_hal_rcc_ex.o    1 964
    stm32f4xx_it.o              384      244
    system_stm32f4xx.o          124        4        4
    -------------------------------------------------
    Total:                   10 990      750    7 949

command line: [2]
    -------------------------------------------------
    Total:

STemWin532_CM4_OS_IAR_ot.a: [3]
    -------------------------------------------------
    Total:

as7l.a: [4]
    -------------------------------------------------
    Total:

dl7M_tln.a: [5]
    XShttio.o                     8        8        8
    exit.o                        4
    low_level_init.o              4
    printf.o                     36
    putchar.o                    40
    xprintfsmall.o            1 244
    xprout.o                     22
    -------------------------------------------------
    Total:                    1 358        8        8

m7M_tls.a: [6]
    fpinit_M.o                   34
    -------------------------------------------------
    Total:                       34

rt7M_tl.a: [7]
    cexit.o                      10
    cmain.o                      26
    copy_init3.o                 44
    cstartup_M.o                 12
    data_init.o                  40
    memchr.o                     88
    strchr.o                     22
    strlen.o                     54
    zero_init3.o                 64
    -------------------------------------------------
    Total:                      360

shb_l.a: [8]
    dwrite.o                     30
    exit.o                       20
    iarttio.o                   108
    iarwrite.o                   32
    iarwstd.o                    32
    write.o                      16
    -------------------------------------------------
    Total:                      238

    Gaps                          2        2
    Linker created                        36   32 768
-----------------------------------------------------
    Grand Total:             12 982      796   40 725


*******************************************************************************
*** ENTRY LIST
***

Entry                      Address   Size  Type      Object
-----                      -------   ----  ----      ------
.iar.init_table$$Base   0x080031f8          --   Gb  - Linker created -
.iar.init_table$$Limit  0x0800321c          --   Gb  - Linker created -
?main                   0x08003221         Code  Gb  cmain.o [7]
APBAHBPrescTable        0x080032f8   0x10  Data  Gb  stm32f4xx_hal_rcc.o [1]
AppMainTask             0x08002309   0x12  Code  Lc  main.o [1]
AppMonitorTask          0x0800231d   0x14  Code  Lc  main.o [1]
AppStartTask            0x0800228d   0x7a  Code  Lc  main.o [1]
App_MainTaskStk         0x20008030  0x7fc  Data  Lc  main.o [1]
App_MonitorTaskStk      0x20009308  0x3fc  Data  Lc  main.o [1]
App_StartTaskStk        0x20008f0c  0x3fc  Data  Lc  main.o [1]
App_TCBInitHook         0x08001587    0x2  Code  Gb  app_hooks.o [1]
App_TaskCreateHook      0x08001583    0x2  Code  Gb  app_hooks.o [1]
App_TaskDelHook         0x08001585    0x2  Code  Gb  app_hooks.o [1]
App_TaskIdleHook        0x08001589    0xa  Code  Gb  app_hooks.o [1]
App_TaskReturnHook      0x08001593    0x2  Code  Gb  app_hooks.o [1]
App_TaskStatHook        0x08001595    0x2  Code  Gb  app_hooks.o [1]
App_TaskSwHook          0x08001581    0x2  Code  Gb  app_hooks.o [1]
App_TimeTickHook        0x08001555   0x26  Code  Gb  app_hooks.o [1]
BSP_LED_Init            0x08001599   0xf6  Code  Gb  stm32469i_discovery.o [1]
BSP_LED_Toggle          0x0800168f   0x26  Code  Gb  stm32469i_discovery.o [1]
BusFault_Handler        0x08002ced    0x2  Code  Gb  stm32f4xx_it.o [1]
CSTACK$$Base            0x20000030          --   Gb  - Linker created -
CSTACK$$Limit           0x20008030          --   Gb  - Linker created -
DMA2_Stream0_IRQHandler
                        0x080035d1    0x2  Code  Gb  bsp_sdram.o [1]
DebugMon_Handler        0x08002cf3    0x2  Code  Gb  stm32f4xx_it.o [1]
Error_Handler           0x08002451    0x2  Code  Lc  main.o [1]
GPIO_PIN                0x20000000   0x10  Data  Gb  stm32469i_discovery.o [1]
GPIO_PORT               0x20000010   0x10  Data  Gb  stm32469i_discovery.o [1]
HAL_GPIO_Init           0x080016c1  0x1fa  Code  Gb  stm32f4xx_hal_gpio.o [1]
HAL_GPIO_TogglePin      0x080018cf    0xa  Code  Gb  stm32f4xx_hal_gpio.o [1]
HAL_GPIO_WritePin       0x080018bb   0x14  Code  Gb  stm32f4xx_hal_gpio.o [1]
HAL_GetTick             0x0800210b    0x6  Code  Wk  stm32f4xx_hal.o [1]
HAL_IncTick             0x080020ff    0xc  Code  Wk  stm32f4xx_hal.o [1]
HAL_Init                0x080020c5   0x3a  Code  Gb  stm32f4xx_hal.o [1]
HAL_InitTick            0x080023fb   0x24  Code  Gb  main.o [1]
HAL_MspInit             0x08002453    0x2  Code  Gb  stm32f4xx_hal_msp.o [1]
HAL_NVIC_SetPriority    0x080021e1   0x26  Code  Gb  stm32f4xx_hal_cortex.o [1]
HAL_NVIC_SetPriorityGrouping
                        0x080021d5    0xc  Code  Gb  stm32f4xx_hal_cortex.o [1]
HAL_PWREx_EnableOverDrive
                        0x08002455   0x86  Code  Gb  stm32f4xx_hal_pwr_ex.o [1]
HAL_RCCEx_PeriphCLKConfig
                        0x08001919  0x448  Code  Gb  stm32f4xx_hal_rcc_ex.o [1]
HAL_RCC_ClockConfig     0x080024e9  0x1b4  Code  Gb  stm32f4xx_hal_rcc.o [1]
HAL_RCC_GetSysClockFreq
                        0x0800269d   0xa4  Code  Wk  stm32f4xx_hal_rcc.o [1]
HAL_RCC_OscConfig       0x08001d61  0x314  Code  Gb  stm32f4xx_hal_rcc_ex.o [1]
HAL_SYSTICK_Config      0x08002207    0xc  Code  Gb  stm32f4xx_hal_cortex.o [1]
HardFault_Handler_C     0x08002d1d   0xe0  Code  Gb  stm32f4xx_it.o [1]
LoadInt                 0x08002af1   0x4c  Code  Lc  xprintfsmall.o [5]
MemManage_Handler       0x08002ceb    0x2  Code  Gb  stm32f4xx_it.o [1]
NMI_Handler             0x08002ce9    0x2  Code  Gb  stm32f4xx_it.o [1]
NVIC_EncodePriority     0x08002167   0x3e  Code  Lc  stm32f4xx_hal_cortex.o [1]
NVIC_GetPriorityGrouping
                        0x08002137    0xa  Code  Lc  stm32f4xx_hal_cortex.o [1]
NVIC_SetPriority        0x08002141   0x26  Code  Lc  stm32f4xx_hal_cortex.o [1]
NVIC_SetPriorityGrouping
                        0x08002119   0x1e  Code  Lc  stm32f4xx_hal_cortex.o [1]
OSCPUUsage              0x20009f0e    0x1  Data  Gb  os_core.o [1]
OSCtxSw                 0x08000f7b         Code  Gb  os_cpu_a.o [1]
OSCtxSwCtr              0x20009ed0    0x4  Data  Gb  os_core.o [1]
OSDataSize              0x080035ce    0x2  Data  Gb  os_dbg.o [1]
OSDebugEn               0x08000d4a    0x2  Data  Gb  os_dbg.o [1]
OSDebugInit             0x08000da9  0x174  Code  Gb  os_dbg.o [1]
OSEndiannessTest        0x08003404    0x4  Data  Gb  os_dbg.o [1]
OSEventEn               0x08001596    0x2  Data  Gb  os_dbg.o [1]
OSEventFreeList         0x20009ed4    0x4  Data  Gb  os_core.o [1]
OSEventMax              0x08002c56    0x2  Data  Gb  os_dbg.o [1]
OSEventMultiEn          0x08003242    0x2  Data  Gb  os_dbg.o [1]
OSEventNameEn           0x08002c8e    0x2  Data  Gb  os_dbg.o [1]
OSEventSize             0x080031aa    0x2  Data  Gb  os_dbg.o [1]
OSEventTbl              0x20009d04   0xc8  Data  Gb  os_core.o [1]
OSEventTblSize          0x0800321c    0x2  Data  Gb  os_dbg.o [1]
OSFlagEn                0x0800324e    0x2  Data  Gb  os_dbg.o [1]
OSFlagFreeList          0x20009ed8    0x4  Data  Gb  os_core.o [1]
OSFlagGrpSize           0x0800327a    0x2  Data  Gb  os_dbg.o [1]
OSFlagMax               0x08003578    0x2  Data  Gb  os_dbg.o [1]
OSFlagNameEn            0x0800357a    0x2  Data  Gb  os_dbg.o [1]
OSFlagNodeSize          0x08003574    0x2  Data  Gb  os_dbg.o [1]
OSFlagTbl               0x20009e80   0x50  Data  Gb  os_core.o [1]
OSFlagWidth             0x08003576    0x2  Data  Gb  os_dbg.o [1]
OSIdleCtr               0x20009ee8    0x4  Data  Gb  os_core.o [1]
OSIdleCtrMax            0x20009edc    0x4  Data  Gb  os_core.o [1]
OSIdleCtrRun            0x20009ee0    0x4  Data  Gb  os_core.o [1]
OSInit                  0x080001b5   0x30  Code  Gb  os_core.o [1]
OSInitHookBegin         0x08000a35   0x2a  Code  Gb  os_cpu_c.o [1]
OSInitHookEnd           0x08000a5f    0x2  Code  Gb  os_cpu_c.o [1]
OSIntCtxSw              0x08000f83         Code  Gb  os_cpu_a.o [1]
OSIntEnter              0x080001e5   0x24  Code  Gb  os_core.o [1]
OSIntExit               0x08000209   0x94  Code  Gb  os_core.o [1]
OSIntNesting            0x20009f10    0x1  Data  Gb  os_core.o [1]
OSLockNesting           0x20009f11    0x1  Data  Gb  os_core.o [1]
OSLowestPrio            0x0800357c    0x2  Data  Gb  os_dbg.o [1]
OSMboxEn                0x0800357e    0x2  Data  Gb  os_dbg.o [1]
OSMemEn                 0x08003580    0x2  Data  Gb  os_dbg.o [1]
OSMemMax                0x08003582    0x2  Data  Gb  os_dbg.o [1]
OSMemNameEn             0x08003584    0x2  Data  Gb  os_dbg.o [1]
OSMemSize               0x08003586    0x2  Data  Gb  os_dbg.o [1]
OSMemTblSize            0x08003588    0x2  Data  Gb  os_dbg.o [1]
OSMutexEn               0x0800358a    0x2  Data  Gb  os_dbg.o [1]
OSPrioCur               0x20009f12    0x1  Data  Gb  os_core.o [1]
OSPrioHighRdy           0x20009f13    0x1  Data  Gb  os_core.o [1]
OSPtrSize               0x0800358c    0x2  Data  Gb  os_dbg.o [1]
OSQEn                   0x0800358e    0x2  Data  Gb  os_dbg.o [1]
OSQFreeList             0x20009efc    0x4  Data  Gb  os_core.o [1]
OSQMax                  0x08003590    0x2  Data  Gb  os_dbg.o [1]
OSQSize                 0x08003592    0x2  Data  Gb  os_dbg.o [1]
OSQTbl                  0x20009dcc   0x60  Data  Gb  os_core.o [1]
OSRdyGrp                0x20009f14    0x1  Data  Gb  os_core.o [1]
OSRdyTbl                0x20009ee4    0x4  Data  Gb  os_core.o [1]
OSRdyTblSize            0x08003594    0x2  Data  Gb  os_dbg.o [1]
OSRunning               0x20009f15    0x1  Data  Gb  os_core.o [1]
OSSemEn                 0x08003596    0x2  Data  Gb  os_dbg.o [1]
OSStart                 0x0800029d   0x42  Code  Gb  os_core.o [1]
OSStartHighRdy          0x08000f57         Code  Gb  os_cpu_a.o [1]
OSStatInit              0x080002df   0x46  Code  Gb  os_core.o [1]
OSStatRdy               0x20009f0f    0x1  Data  Gb  os_core.o [1]
OSStkWidth              0x08003598    0x2  Data  Gb  os_dbg.o [1]
OSTCBCur                0x20009eec    0x4  Data  Gb  os_core.o [1]
OSTCBFreeList           0x20009ef0    0x4  Data  Gb  os_core.o [1]
OSTCBHighRdy            0x20009ef4    0x4  Data  Gb  os_core.o [1]
OSTCBInitHook           0x08000ca1    0xc  Code  Gb  os_cpu_c.o [1]
OSTCBList               0x20009ef8    0x4  Data  Gb  os_core.o [1]
OSTCBPrioTbl            0x20009e2c   0x54  Data  Gb  os_core.o [1]
OSTCBPrioTblMax         0x080035b2    0x2  Data  Gb  os_dbg.o [1]
OSTCBSize               0x080035b4    0x2  Data  Gb  os_dbg.o [1]
OSTCBTbl                0x2000882c  0x6e0  Data  Gb  os_core.o [1]
OSTaskCreateEn          0x0800359a    0x2  Data  Gb  os_dbg.o [1]
OSTaskCreateExt         0x08001081   0xe4  Code  Gb  os_task.o [1]
OSTaskCreateExtEn       0x0800359c    0x2  Data  Gb  os_dbg.o [1]
OSTaskCreateHook        0x08000a61    0xc  Code  Gb  os_cpu_c.o [1]
OSTaskCtr               0x20009f16    0x1  Data  Gb  os_core.o [1]
OSTaskDel               0x08001165  0x18e  Code  Gb  os_task.o [1]
OSTaskDelEn             0x0800359e    0x2  Data  Gb  os_dbg.o [1]
OSTaskDelHook           0x08000a6d    0xc  Code  Gb  os_cpu_c.o [1]
OSTaskIdleHook          0x08000a79    0x8  Code  Gb  os_cpu_c.o [1]
OSTaskIdleStk           0x20009904  0x200  Data  Gb  os_core.o [1]
OSTaskIdleStkSize       0x080035a0    0x2  Data  Gb  os_dbg.o [1]
OSTaskMax               0x080035a4    0x2  Data  Gb  os_dbg.o [1]
OSTaskNameEn            0x080035a6    0x2  Data  Gb  os_dbg.o [1]
OSTaskNameSet           0x080012f3   0x8e  Code  Gb  os_task.o [1]
OSTaskProfileEn         0x080035a2    0x2  Data  Gb  os_dbg.o [1]
OSTaskRegNextAvailID    0x20009f18    0x1  Data  Gb  os_core.o [1]
OSTaskRegTblSize        0x080035b0    0x2  Data  Gb  os_dbg.o [1]
OSTaskReturnHook        0x08000a81    0xc  Code  Gb  os_cpu_c.o [1]
OSTaskStatEn            0x080035a8    0x2  Data  Gb  os_dbg.o [1]
OSTaskStatHook          0x08000a8d    0x8  Code  Gb  os_cpu_c.o [1]
OSTaskStatStk           0x20009704  0x200  Data  Gb  os_core.o [1]
OSTaskStatStkChkEn      0x080035ac    0x2  Data  Gb  os_dbg.o [1]
OSTaskStatStkSize       0x080035aa    0x2  Data  Gb  os_dbg.o [1]
OSTaskStkChk            0x08001385   0xaa  Code  Gb  os_task.o [1]
OSTaskStkInit           0x08000a95  0x15c  Code  Gb  os_cpu_c.o [1]
OSTaskSuspend           0x0800142f   0xd2  Code  Gb  os_task.o [1]
OSTaskSwHook            0x08000bf1   0x30  Code  Gb  os_cpu_c.o [1]
OSTaskSwHookEn          0x080035ae    0x2  Data  Gb  os_dbg.o [1]
OSTickStepState         0x20009f17    0x1  Data  Gb  os_core.o [1]
OSTicksPerSec           0x080035b6    0x2  Data  Gb  os_dbg.o [1]
OSTime                  0x20009f00    0x4  Data  Gb  os_core.o [1]
OSTimeDly               0x08000ffd   0x6e  Code  Gb  os_time.o [1]
OSTimeTick              0x08000325   0xf6  Code  Gb  os_core.o [1]
OSTimeTickHook          0x08000cad    0x8  Code  Gb  os_cpu_c.o [1]
OSTimeTickHookEn        0x080035b8    0x2  Data  Gb  os_dbg.o [1]
OSTmrCfgMax             0x080035be    0x2  Data  Gb  os_dbg.o [1]
OSTmrCfgNameEn          0x080035c0    0x2  Data  Gb  os_dbg.o [1]
OSTmrCfgTicksPerSec     0x080035c4    0x2  Data  Gb  os_dbg.o [1]
OSTmrCfgWheelSize       0x080035c2    0x2  Data  Gb  os_dbg.o [1]
OSTmrEn                 0x080035bc    0x2  Data  Gb  os_dbg.o [1]
OSTmrSize               0x080035c6    0x2  Data  Gb  os_dbg.o [1]
OSTmrTblSize            0x080035c8    0x2  Data  Gb  os_dbg.o [1]
OSTmrWheelSize          0x080035ca    0x2  Data  Gb  os_dbg.o [1]
OSTmrWheelTblSize       0x080035cc    0x2  Data  Gb  os_dbg.o [1]
OSUnMapTbl              0x08002e8c  0x100  Data  Gb  os_core.o [1]
OSVersionNbr            0x080035ba    0x2  Data  Gb  os_dbg.o [1]
OS_CPU_ExceptStk        0x20009b04  0x200  Data  Gb  os_cpu_c.o [1]
OS_CPU_ExceptStkBase    0x20009f04    0x4  Data  Gb  os_cpu_c.o [1]
OS_CPU_FP_Reg_Pop       0x08000f37         Code  Gb  os_cpu_a.o [1]
OS_CPU_FP_Reg_Push      0x08000f1d         Code  Gb  os_cpu_a.o [1]
OS_CPU_PendSVHandler    0x08000f8b         Code  Gb  os_cpu_a.o [1]
OS_CPU_SR_Restore       0x08000f51         Code  Gb  os_cpu_a.o [1]
OS_CPU_SR_Save          0x08000f49         Code  Gb  os_cpu_a.o [1]
OS_Dummy                0x0800041b    0x2  Code  Gb  os_core.o [1]
OS_EventTaskRemove      0x0800041d   0x3c  Code  Gb  os_core.o [1]
OS_EventTaskRemoveMulti
                        0x08000459   0x50  Code  Gb  os_core.o [1]
OS_FlagInit             0x08000cb5   0x58  Code  Gb  os_flag.o [1]
OS_FlagUnlink           0x08000d19   0x32  Code  Gb  os_flag.o [1]
OS_InitEventList        0x080004a9   0x70  Code  Lc  os_core.o [1]
OS_InitMisc             0x08000519   0x56  Code  Lc  os_core.o [1]
OS_InitRdyList          0x0800056f   0x42  Code  Lc  os_core.o [1]
OS_InitTCBList          0x08000629   0x7c  Code  Lc  os_core.o [1]
OS_InitTaskIdle         0x080005b1   0x3c  Code  Lc  os_core.o [1]
OS_InitTaskStat         0x080005ed   0x3c  Code  Lc  os_core.o [1]
OS_MemClr               0x080006a5   0x12  Code  Gb  os_core.o [1]
OS_QInit                0x08000d4d   0x54  Code  Gb  os_q.o [1]
OS_Sched                0x080006b7   0x5c  Code  Gb  os_core.o [1]
OS_SchedNew             0x08000713   0x20  Code  Lc  os_core.o [1]
OS_TCBInit              0x08000837  0x182  Code  Gb  os_core.o [1]
OS_TaskIdle             0x08000735   0x22  Code  Gb  os_core.o [1]
OS_TaskReturn           0x08001501   0x12  Code  Gb  os_task.o [1]
OS_TaskStat             0x08000765   0x8e  Code  Gb  os_core.o [1]
OS_TaskStatStkChk       0x080007f3   0x44  Code  Gb  os_core.o [1]
OS_TaskStkClr           0x0800153d   0x18  Code  Gb  os_task.o [1]
Region$$Table$$Base     0x080031f8          --   Gb  - Linker created -
Region$$Table$$Limit    0x0800321c          --   Gb  - Linker created -
SVC_Handler             0x08002cf1    0x2  Code  Gb  stm32f4xx_it.o [1]
SysTick_Config          0x080021a5   0x30  Code  Lc  stm32f4xx_hal_cortex.o [1]
SysTick_Handler         0x08002cf5   0x28  Code  Gb  stm32f4xx_it.o [1]
SystemClock_Config      0x08002331   0xca  Code  Lc  main.o [1]
SystemCoreClock         0x20000020    0x4  Data  Gb  system_stm32f4xx.o [1]
SystemInit              0x08002f8d   0x58  Code  Gb  system_stm32f4xx.o [1]
UsageFault_Handler      0x08002cef    0x2  Code  Gb  stm32f4xx_it.o [1]
_LitobSmall             0x08002b3d   0xce  Code  Lc  xprintfsmall.o [5]
_PrintfSmall            0x08002765  0x386  Code  Gb  xprintfsmall.o [5]
_Prout                  0x08003265   0x16  Code  Gb  xprout.o [5]
_PutcharsSmall          0x08002c0b   0x2e  Code  Lc  xprintfsmall.o [5]
__aeabi_JMP_BUF_SIZE {Abs}
                        0x00000010          --   Gb  setjmp.o [6]
__cmain                 0x08003221         Code  Gb  cmain.o [7]
__dwrite                0x0800314d   0x1e  Code  Gb  dwrite.o [8]
__exit                  0x08003251   0x14  Code  Gb  exit.o [8]
__iar_DHC_allocated_fill {Abs}
                        0x4fbc8397          --   Gb  command line/config [2]
__iar_DHC_block_guard {Abs}
                        0x960f7e4b          --   Gb  command line/config [2]
__iar_DHC_check_frequency {Abs}
                        0x00000000          --   Gb  command line/config [2]
__iar_DHC_delayed_free_limit {Abs}
                        0x00000000          --   Gb  command line/config [2]
__iar_DHC_freed_fill {Abs}
                        0xfc44223f          --   Gb  command line/config [2]
__iar_DHC_initial_fill {Abs}
                        0x31ef29e5          --   Gb  command line/config [2]
__iar_DHC_integrity_error_limit {Abs}
                        0x0000000a          --   Gb  command line/config [2]
__iar_DHC_request_limit {Abs}
                        0x40000000          --   Gb  command line/config [2]
__iar_DHC_unallocated_fill {Abs}
                        0x1784322b          --   Gb  command line/config [2]
__iar_Memchr            0x08002c91         Code  Gb  memchr.o [7]
__iar_Strchr            0x08002c41         Code  Gb  strchr.o [7]
__iar_close_ttio        0x08003009   0x2e  Code  Gb  iarttio.o [8]
__iar_copy_init3        0x080030bd   0x2c  Code  Gb  copy_init3.o [7]
__iar_data_init3        0x080031ad   0x28  Code  Gb  data_init.o [7]
__iar_get_ttio          0x08003039   0x38  Code  Gb  iarttio.o [8]
__iar_init_vfp          0x080031d5         Code  Gb  fpinit_M.o [6]
__iar_lookup_ttioh      0x08003075    0x8  Code  Gb  XShttio.o [5]
__iar_program_start     0x080033f1         Code  Gb  cstartup_M.o [7]
__iar_sh_stdout         0x0800316b   0x20  Code  Gb  iarwstd.o [8]
__iar_sh_write          0x0800318b   0x20  Code  Gb  iarwrite.o [8]
__iar_ttio_handles      0x20000024    0x8  Data  Lc  XShttio.o [5]
__iar_zero_init3        0x0800307d   0x40  Code  Gb  zero_init3.o [7]
__low_level_init        0x0800323b    0x4  Code  Gb  low_level_init.o [5]
__vector_table          0x08000000         Data  Gb  startup_stm32f469xx.o [1]
__write                 0x0800313d   0x10  Code  Gb  write.o [8]
_call_main              0x0800322d         Code  Gb  cmain.o [7]
_exit                   0x08003245         Code  Gb  cexit.o [7]
_main                   0x08003237         Code  Gb  cmain.o [7]
exit                    0x0800323f    0x4  Code  Gb  exit.o [5]
main                    0x08002231   0x5c  Code  Gb  main.o [1]
memchr                  0x08002c91         Code  Gb  memchr.o [7]
printf                  0x08002e69   0x24  Code  Gb  printf.o [5]
putchar                 0x08003115   0x28  Code  Gb  putchar.o [5]
strchr                  0x08002c41         Code  Gb  strchr.o [7]
strlen                  0x08002c59         Code  Gb  strlen.o [7]
time                    0x20009f0c    0x2  Data  Gb  app_hooks.o [1]
uwTick                  0x20009f08    0x4  Data  Gb  stm32f4xx_hal.o [1]


[1] = E:\prj\ARM\STM32F469\MyAppGit\Debug\Obj
[2] = command line
[3] = STemWin532_CM4_OS_IAR_ot.a
[4] = as7l.a
[5] = dl7M_tln.a
[6] = m7M_tls.a
[7] = rt7M_tl.a
[8] = shb_l.a

  12 982 bytes of readonly  code memory
     796 bytes of readonly  data memory
  40 725 bytes of readwrite data memory

Errors: none
Warnings: none
